[    5424ms] [WARNING] <meta name="apple-mobile-web-app-capable" content="yes"> is deprecated. Please include <meta name="mobile-web-app-capable" content="yes"> @ https://accounts.feishu.cn/accounts/page/login?app_id=169&no_trap=1&query_scope=all&redirect_uri=https%3A%2F%2Fmiaoda.feishu.cn%2Fmiaoda%2Fapp%2Fapp_4k9rsyph7an84%2F%3Ffrom%3Daily%26taskid%3D1871486769493028:0
[   38449ms] [ERROR] [TaskConversationManage] enterTaskMode called before init(); ensure wsChatService.init() has run and DI has been injected. @ https://sf3-scmcdn-cn.feishucdn.com/obj/feishu-static/apaas/ai/miaoda/1529.2b22de6b52564220.js:1
[   41284ms] [LOG] 🌴 [tanstack-devtools:form-devtools-plugin]  Initializing event subscription for plugin form-devtools @ https://sf3-scmcdn-cn.feishucdn.com/obj/feishu-static/apaas/ai/miaoda/1529.2b22de6b52564220.js:1
[   42394ms] [LOG] [WebSocketService] sessionConnected - connection established @ https://sf3-scmcdn-cn.feishucdn.com/obj/feishu-static/apaas/ai/miaoda/1529.2b22de6b52564220.js:1
[   42462ms] [LOG] setcursor [Object] @ https://sf3-scmcdn-cn.feishucdn.com/obj/feishu-static/apaas/ai/miaoda/1529.2b22de6b52564220.js:1
[   43773ms] [LOG] [usePreserveLogs] Initial load from localStorage: null -> value: false @ https://sf3-scmcdn-cn.feishucdn.com/obj/feishu-static/apaas/ai/miaoda/1529.2b22de6b52564220.js:1
[   44052ms] [WARNING] Unrecognized feature: 'downloads'. @ https://sf3-scmcdn-cn.feishucdn.com/obj/feishu-static/apaas/ai/miaoda/lib-react.668f1b22df92e80b.js:0
[   44090ms] [WARNING] Failed to execute 'postMessage' on 'DOMWindow': The target origin provided ('https://gtportal-app_4k9rsyph7an84-1866813513488420.aiforce.run') does not match the recipient window's origin ('https://miaoda.feishu.cn'). @ https://sf3-scmcdn-cn.feishucdn.com/obj/feishu-static/apaas/ai/miaoda/1155.c5840a50a16cd5a2.js:218
[   44090ms] [WARNING] Failed to execute 'postMessage' on 'DOMWindow': The target origin provided ('https://gtportal-app_4k9rsyph7an84-1866813513488420.aiforce.run') does not match the recipient window's origin ('https://miaoda.feishu.cn'). @ https://sf3-scmcdn-cn.feishucdn.com/obj/feishu-static/apaas/ai/miaoda/1155.c5840a50a16cd5a2.js:218
[   44090ms] [WARNING] Failed to execute 'postMessage' on 'DOMWindow': The target origin provided ('https://gtportal-app_4k9rsyph7an84-1866813513488420.aiforce.run') does not match the recipient window's origin ('https://miaoda.feishu.cn'). @ https://sf3-scmcdn-cn.feishucdn.com/obj/feishu-static/apaas/ai/miaoda/1155.c5840a50a16cd5a2.js:218
[   46963ms] [LOG] [Runtime] Server log SSE client started @ https://gtportal-app_4k9rsyph7an84-1866813513488420.aiforce.run/app/app_4k9rsyph7an84/node_modules/.vite/deps/chunk-N3TY5PEM.js?v=6f175617:37525
[   47063ms] [LOG] [useServerLogManager] Connection status changed: connecting @ https://sf3-scmcdn-cn.feishucdn.com/obj/feishu-static/apaas/ai/miaoda/1529.2b22de6b52564220.js:1
[   47063ms] [LOG] [useLogManager] PreviewReady detected, preserveLogs = false @ https://sf3-scmcdn-cn.feishucdn.com/obj/feishu-static/apaas/ai/miaoda/1529.2b22de6b52564220.js:1
[   47063ms] [LOG] [useLogManager] PreviewReady detected, clearing logs @ https://sf3-scmcdn-cn.feishucdn.com/obj/feishu-static/apaas/ai/miaoda/1529.2b22de6b52564220.js:1
[   47063ms] [LOG] [useServerLogManager] PreviewReady detected, set timestamp cutoff to 1784797351050 (2026-07-23T09:02:31.050Z) @ https://sf3-scmcdn-cn.feishucdn.com/obj/feishu-static/apaas/ai/miaoda/1529.2b22de6b52564220.js:1
[   47063ms] [LOG] [useServerLogManager] SSE connection is disconnected, attempting to reconnect... @ https://sf3-scmcdn-cn.feishucdn.com/obj/feishu-static/apaas/ai/miaoda/1529.2b22de6b52564220.js:1
[   47065ms] [LOG] [useLogManager] Preview session started, clearing logs @ https://sf3-scmcdn-cn.feishucdn.com/obj/feishu-static/apaas/ai/miaoda/1529.2b22de6b52564220.js:1
[   47065ms] [LOG] [useServerLogManager] Preview session started, set timestamp cutoff to 1784797351051 (2026-07-23T09:02:31.051Z) @ https://sf3-scmcdn-cn.feishucdn.com/obj/feishu-static/apaas/ai/miaoda/1529.2b22de6b52564220.js:1
[   47065ms] [LOG] [useServerLogManager] SSE connection is disconnected, attempting to reconnect... @ https://sf3-scmcdn-cn.feishucdn.com/obj/feishu-static/apaas/ai/miaoda/1529.2b22de6b52564220.js:1
[   47281ms] [LOG] [useServerLogManager] Connection status changed: connected @ https://sf3-scmcdn-cn.feishucdn.com/obj/feishu-static/apaas/ai/miaoda/1529.2b22de6b52564220.js:1
[   47339ms] [LOG] %c INFO color: #33f Resolving connection token (force)... @ https://sf3-scmcdn-cn.feishucdn.com/obj/feishu-static/apaas/ai/miaoda/1529.2b22de6b52564220.js:1
[   47340ms] [LOG] %c INFO color: #33f Resolved connection token (force) after 2 ms @ https://sf3-scmcdn-cn.feishucdn.com/obj/feishu-static/apaas/ai/miaoda/1529.2b22de6b52564220.js:1
[   47343ms] [LOG] %c INFO color: #33f Creating a socket (renderer-Management-63c9be14-9a6e-411b-8d48-c0a5df2e9f4b)... @ https://sf3-scmcdn-cn.feishucdn.com/obj/feishu-static/apaas/ai/miaoda/1529.2b22de6b52564220.js:1
[   47611ms] [LOG] %c INFO color: #33f Ignoring fetching additional builtin extensions from gallery as it is disabled. @ https://sf3-scmcdn-cn.feishucdn.com/obj/feishu-static/apaas/ai/miaoda/1529.2b22de6b52564220.js:1
[   47611ms] [LOG] %c INFO color: #33f Creating a socket (renderer-ExtensionHost-9192559b-eacc-4cd8-ab9a-870474930ba3)... @ https://sf3-scmcdn-cn.feishucdn.com/obj/feishu-static/apaas/ai/miaoda/1529.2b22de6b52564220.js:1
[   47711ms] [LOG] [StandaloneTerminal] initialize start, isConnected: true width: 569 height: 633 @ https://sf3-scmcdn-cn.feishucdn.com/obj/feishu-static/apaas/ai/miaoda/1529.2b22de6b52564220.js:1
[   47712ms] [LOG] %c INFO color: #33f Creating a socket (renderer-Management-63c9be14-9a6e-411b-8d48-c0a5df2e9f4b) was successful after 369 ms. @ https://sf3-scmcdn-cn.feishucdn.com/obj/feishu-static/apaas/ai/miaoda/1529.2b22de6b52564220.js:1
[   47723ms] [LOG] %c INFO color: #33f Ignoring fetching additional builtin extensions from gallery as it is disabled. @ https://sf3-scmcdn-cn.feishucdn.com/obj/feishu-static/apaas/ai/miaoda/1529.2b22de6b52564220.js:1
[   47931ms] [LOG] %c INFO color: #33f Creating a socket (renderer-ExtensionHost-9192559b-eacc-4cd8-ab9a-870474930ba3) was successful after 320 ms. @ https://sf3-scmcdn-cn.feishucdn.com/obj/feishu-static/apaas/ai/miaoda/1529.2b22de6b52564220.js:1
[   47934ms] [LOG] %c INFO color: #33f ChatSessionStore: Migrating 0 chat sessions from storage service to file system @ https://sf3-scmcdn-cn.feishucdn.com/obj/feishu-static/apaas/ai/miaoda/1529.2b22de6b52564220.js:1
[   47996ms] [LOG] %c INFO color: #33f Ignoring fetching additional builtin extensions from gallery as it is disabled. @ https://sf3-scmcdn-cn.feishucdn.com/obj/feishu-static/apaas/ai/miaoda/1529.2b22de6b52564220.js:1
[   48612ms] [LOG] %c INFO color: #33f [Force Themes] Created theme: Dark Force @ https://sf3-scmcdn-cn.feishucdn.com/obj/feishu-static/apaas/ai/miaoda/1529.2b22de6b52564220.js:1
[   48612ms] [LOG] %c INFO color: #33f [Force Themes] Created theme: Light Force @ https://sf3-scmcdn-cn.feishucdn.com/obj/feishu-static/apaas/ai/miaoda/1529.2b22de6b52564220.js:1
[   48612ms] [LOG] %c INFO color: #33f [Force Themes] Registered Force themes: Light Force, Dark Force @ https://sf3-scmcdn-cn.feishucdn.com/obj/feishu-static/apaas/ai/miaoda/1529.2b22de6b52564220.js:1
[   48764ms] [LOG] %c INFO color: #33f Ignoring fetching additional builtin extensions from gallery as it is disabled. @ https://sf3-scmcdn-cn.feishucdn.com/obj/feishu-static/apaas/ai/miaoda/1529.2b22de6b52564220.js:1
[   48777ms] [LOG] %c INFO color: #33f Ignoring fetching additional builtin extensions from gallery as it is disabled. @ https://sf3-scmcdn-cn.feishucdn.com/obj/feishu-static/apaas/ai/miaoda/1529.2b22de6b52564220.js:1
[   48977ms] [LOG] [StandaloneTerminal] restoreState result: true instances: 1 @ https://sf3-scmcdn-cn.feishucdn.com/obj/feishu-static/apaas/ai/miaoda/1529.2b22de6b52564220.js:1
[   48977ms] [LOG] [StandaloneTerminal] initialize end, instances: 1 hasReady: false pendingVisibility: false @ https://sf3-scmcdn-cn.feishucdn.com/obj/feishu-static/apaas/ai/miaoda/1529.2b22de6b52564220.js:1
[   49149ms] [LOG] [StandaloneTerminal] _fireReady called, hasReady: false instances: 1 @ https://sf3-scmcdn-cn.feishucdn.com/obj/feishu-static/apaas/ai/miaoda/1529.2b22de6b52564220.js:1
[   49725ms] [LOG] [Account][Service][Request] trace id: 1 method: POST params:  body: {appID: app_4k9rsyph7an84, tenantDomainName: gtportal-app_4k9rsyph7an84-1866813513488420} @ https://gtportal-app_4k9rsyph7an84-1866813513488420.aiforce.run/app/app_4k9rsyph7an84/node_modules/.vite/deps/chunk-N3TY5PEM.js?v=6f175617:37525
[   49727ms] [WARNING] ⚠️ React Router Future Flag Warning: React Router will begin wrapping state updates in `React.startTransition` in v7. You can use the `v7_startTransition` future flag to opt-in early. For more information, see https://reactrouter.com/v6/upgrading/future#v7_starttransition. @ https://gtportal-app_4k9rsyph7an84-1866813513488420.aiforce.run/app/app_4k9rsyph7an84/node_modules/.vite/deps/chunk-N3TY5PEM.js?v=6f175617:37525
[   49727ms] [WARNING] ⚠️ React Router Future Flag Warning: Relative route resolution within Splat routes is changing in v7. You can use the `v7_relativeSplatPath` future flag to opt-in early. For more information, see https://reactrouter.com/v6/upgrading/future#v7_relativesplatpath. @ https://gtportal-app_4k9rsyph7an84-1866813513488420.aiforce.run/app/app_4k9rsyph7an84/node_modules/.vite/deps/chunk-N3TY5PEM.js?v=6f175617:37525
[   49816ms] [WARNING] task queue exceeded allotted deadline by 199ms @ https://sf3-scmcdn-cn.feishucdn.com/obj/feishu-static/apaas/ai/ide/1.0.0.75/node_modules/@xterm/addon-webgl/lib/addon-webgl.js:0
[   49817ms] [LOG] [Account][Service][Response Success] trace id: 1 statusCode: 200 data: {userInfo: Object} @ https://gtportal-app_4k9rsyph7an84-1866813513488420.aiforce.run/app/app_4k9rsyph7an84/node_modules/.vite/deps/chunk-N3TY5PEM.js?v=6f175617:37525
[   50147ms] [LOG] %c INFO color: #33f Updating additional builtin extensions cache @ https://sf3-scmcdn-cn.feishucdn.com/obj/feishu-static/apaas/ai/miaoda/1529.2b22de6b52564220.js:1
[   50164ms] [LOG] %c INFO color: #33f Ignoring fetching additional builtin extensions from gallery as it is disabled. @ https://sf3-scmcdn-cn.feishucdn.com/obj/feishu-static/apaas/ai/miaoda/1529.2b22de6b52564220.js:1
[   50194ms] [LOG] %c INFO color: #33f Ignoring fetching additional builtin extensions from gallery as it is disabled. @ https://sf3-scmcdn-cn.feishucdn.com/obj/feishu-static/apaas/ai/miaoda/1529.2b22de6b52564220.js:1
[   50221ms] [LOG] [MiaoDa] [INFO] MiaoDaMetaInfoChanged {user_id: 1806067112938656, email: xiezhenzhen_hz@chinagreentown.com, name: 解珍珍, avatar: https://s3-imfile.feishucdn.com/static-resource/v1…_type=&quality=&format=image&sticker_format=.webp, userName: 解珍珍} @ https://gtportal-app_4k9rsyph7an84-1866813513488420.aiforce.run/app/app_4k9rsyph7an84/node_modules/.vite/deps/chunk-N3TY5PEM.js?v=6f175617:37525
[   50221ms] [LOG] %c INFO color: #33f Ignoring fetching additional builtin extensions from gallery as it is disabled. @ https://sf3-scmcdn-cn.feishucdn.com/obj/feishu-static/apaas/ai/miaoda/1529.2b22de6b52564220.js:1
[   58410ms] [WARNING] The resource https://lf3-static.bytednsdoc.com/obj/eden-cn/LMfspH/ljhwZthlaukjlkulzlp/logo/miaodacover-mobile.png was preloaded using link preload but not used within a few seconds from the window's load event. Please make sure it has an appropriate `as` value and it is preloaded intentionally. @ https://gtportal-app_4k9rsyph7an84-1866813513488420.aiforce.run/app/app_4k9rsyph7an84?sso_token=eyJhbGciOiJIUzI1NiIsInR5cCI6IkpXVCJ9.eyJleHAiOjE3ODQ3OTc2NDcsImp0aSI6InBXLW5iSS10Wm4xMHQ0R05laWh0OUdqWi1JbUltM0x1ZkljVi1Wd3psV1k9IiwiaWF0IjoxNzg0Nzk3MzQ3LCJ0ZW5hbnRfaWQiOiI0MTU3NzEiLCJ1c2VyX2lkIjoiMTgwNjA2NzExMjkzODY1NiIsImFwcF9pZCI6IiIsImxhcmtfdGVuYW50X2lkIjoiNjkxNDgyMTczMzk0MTc3MjI4OSIsImxhcmtfdXNlcl9pZCI6IjY5Njk2NTE4NTg0MzIzNDQwOTIifQ.X_9ropEakmeoVSntnvXsQ0_rNlBpLToS3DZUYiqHaQE&locale=zh_CN:0
[   63978ms] [WARNING] The resource https://lf3-static.bytednsdoc.com/obj/eden-cn/LMfspH/ljhwZthlaukjlkulzlp/logo/miaodacover-mobile.png was preloaded using link preload but not used within a few seconds from the window's load event. Please make sure it has an appropriate `as` value and it is preloaded intentionally. @ https://gtportal-app_4k9rsyph7an84-1866813513488420.aiforce.run/app/app_4k9rsyph7an84:0
[   68601ms] [WARNING] The resource https://lf3-static.bytednsdoc.com/obj/eden-cn/LMfspH/ljhwZthlaukjlkulzlp/logo/miaodacover-mobile.png was preloaded using link preload but not used within a few seconds from the window's load event. Please make sure it has an appropriate `as` value and it is preloaded intentionally. @ https://gtportal-app_4k9rsyph7an84-1866813513488420.aiforce.run/app/app_4k9rsyph7an84:0
[  167277ms] [LOG] [useServerLogManager] Connection status changed: connecting @ https://sf3-scmcdn-cn.feishucdn.com/obj/feishu-static/apaas/ai/miaoda/1529.2b22de6b52564220.js:1
[  170484ms] [LOG] [useServerLogManager] Connection status changed: connected @ https://sf3-scmcdn-cn.feishucdn.com/obj/feishu-static/apaas/ai/miaoda/1529.2b22de6b52564220.js:1
[  171357ms] [WARNING] The resource https://lf3-static.bytednsdoc.com/obj/eden-cn/LMfspH/ljhwZthlaukjlkulzlp/logo/miaodacover-mobile.png was preloaded using link preload but not used within a few seconds from the window's load event. Please make sure it has an appropriate `as` value and it is preloaded intentionally. @ https://gtportal-app_4k9rsyph7an84-1866813513488420.aiforce.run/app/app_4k9rsyph7an84:0
[  290492ms] [LOG] [useServerLogManager] Connection status changed: connecting @ https://sf3-scmcdn-cn.feishucdn.com/obj/feishu-static/apaas/ai/miaoda/1529.2b22de6b52564220.js:1
[  293857ms] [LOG] [useServerLogManager] Connection status changed: connected @ https://sf3-scmcdn-cn.feishucdn.com/obj/feishu-static/apaas/ai/miaoda/1529.2b22de6b52564220.js:1
[  295007ms] [WARNING] The resource https://lf3-static.bytednsdoc.com/obj/eden-cn/LMfspH/ljhwZthlaukjlkulzlp/logo/miaodacover-mobile.png was preloaded using link preload but not used within a few seconds from the window's load event. Please make sure it has an appropriate `as` value and it is preloaded intentionally. @ https://gtportal-app_4k9rsyph7an84-1866813513488420.aiforce.run/app/app_4k9rsyph7an84:0
[  337412ms] [INFO] remove listener: Window removeEventListener function f(){for(var n=[],t=0;t<arguments.length;t++)n[t]=arguments[t];var e=n[0];if(e){var r=e.split(".")[0];if(r in f)return i=f,u=e,o=[].slice.call(n,1),d(i,u,function(n,t){if(n&&t in n&&l(n[t]))try{return n[t].apply(n,o)}catch(n){return}});var o,i=s[r]||[],u=null!==(u=null==c?void 0:c(a))&&void 0!==u?u:{};i.push(_([u],A(n),!1)),void(s[r]=i)}} @ https://sf3-scmcdn-cn.feishucdn.com/obj/feishu-static/apaas/ai/miaoda/4933.bc0cc3e35b32004d.js:5
[  337415ms] [INFO] remove observer: PerformanceObserver @ https://sf3-scmcdn-cn.feishucdn.com/obj/feishu-static/apaas/ai/miaoda/4933.bc0cc3e35b32004d.js:5
[  337905ms] [INFO] remove listener: Window removeEventListener function f(){for(var n=[],t=0;t<arguments.length;t++)n[t]=arguments[t];var e=n[0];if(e){var r=e.split(".")[0];if(r in f)return i=f,u=e,o=[].slice.call(n,1),d(i,u,function(n,t){if(n&&t in n&&l(n[t]))try{return n[t].apply(n,o)}catch(n){return}});var o,i=s[r]||[],u=null!==(u=null==c?void 0:c(a))&&void 0!==u?u:{};i.push(_([u],A(n),!1)),void(s[r]=i)}} @ https://sf3-scmcdn-cn.feishucdn.com/obj/feishu-static/apaas/ai/miaoda/4933.bc0cc3e35b32004d.js:5
[  337905ms] [INFO] remove observer: PerformanceObserver @ https://sf3-scmcdn-cn.feishucdn.com/obj/feishu-static/apaas/ai/miaoda/4933.bc0cc3e35b32004d.js:5
[  338605ms] [INFO] remove listener: Window removeEventListener function f(){for(var n=[],t=0;t<arguments.length;t++)n[t]=arguments[t];var e=n[0];if(e){var r=e.split(".")[0];if(r in f)return i=f,u=e,o=[].slice.call(n,1),d(i,u,function(n,t){if(n&&t in n&&l(n[t]))try{return n[t].apply(n,o)}catch(n){return}});var o,i=s[r]||[],u=null!==(u=null==c?void 0:c(a))&&void 0!==u?u:{};i.push(_([u],A(n),!1)),void(s[r]=i)}} @ https://sf3-scmcdn-cn.feishucdn.com/obj/feishu-static/apaas/ai/miaoda/4933.bc0cc3e35b32004d.js:5
[  338606ms] [INFO] remove observer: PerformanceObserver @ https://sf3-scmcdn-cn.feishucdn.com/obj/feishu-static/apaas/ai/miaoda/4933.bc0cc3e35b32004d.js:5
[  413880ms] [LOG] [useServerLogManager] Connection status changed: connecting @ https://sf3-scmcdn-cn.feishucdn.com/obj/feishu-static/apaas/ai/miaoda/1529.2b22de6b52564220.js:1
[  417335ms] [LOG] [useServerLogManager] Connection status changed: connected @ https://sf3-scmcdn-cn.feishucdn.com/obj/feishu-static/apaas/ai/miaoda/1529.2b22de6b52564220.js:1
[  418389ms] [WARNING] The resource https://lf3-static.bytednsdoc.com/obj/eden-cn/LMfspH/ljhwZthlaukjlkulzlp/logo/miaodacover-mobile.png was preloaded using link preload but not used within a few seconds from the window's load event. Please make sure it has an appropriate `as` value and it is preloaded intentionally. @ https://gtportal-app_4k9rsyph7an84-1866813513488420.aiforce.run/app/app_4k9rsyph7an84:0
[  537342ms] [LOG] [useServerLogManager] Connection status changed: connecting @ https://sf3-scmcdn-cn.feishucdn.com/obj/feishu-static/apaas/ai/miaoda/1529.2b22de6b52564220.js:1
[  540525ms] [LOG] [useServerLogManager] Connection status changed: connected @ https://sf3-scmcdn-cn.feishucdn.com/obj/feishu-static/apaas/ai/miaoda/1529.2b22de6b52564220.js:1
[  541414ms] [WARNING] The resource https://lf3-static.bytednsdoc.com/obj/eden-cn/LMfspH/ljhwZthlaukjlkulzlp/logo/miaodacover-mobile.png was preloaded using link preload but not used within a few seconds from the window's load event. Please make sure it has an appropriate `as` value and it is preloaded intentionally. @ https://gtportal-app_4k9rsyph7an84-1866813513488420.aiforce.run/app/app_4k9rsyph7an84:0
[  660522ms] [LOG] [useServerLogManager] Connection status changed: connecting @ https://sf3-scmcdn-cn.feishucdn.com/obj/feishu-static/apaas/ai/miaoda/1529.2b22de6b52564220.js:1
[  663697ms] [LOG] [useServerLogManager] Connection status changed: connected @ https://sf3-scmcdn-cn.feishucdn.com/obj/feishu-static/apaas/ai/miaoda/1529.2b22de6b52564220.js:1
[  664646ms] [WARNING] The resource https://lf3-static.bytednsdoc.com/obj/eden-cn/LMfspH/ljhwZthlaukjlkulzlp/logo/miaodacover-mobile.png was preloaded using link preload but not used within a few seconds from the window's load event. Please make sure it has an appropriate `as` value and it is preloaded intentionally. @ https://gtportal-app_4k9rsyph7an84-1866813513488420.aiforce.run/app/app_4k9rsyph7an84:0
[  783696ms] [LOG] [useServerLogManager] Connection status changed: connecting @ https://sf3-scmcdn-cn.feishucdn.com/obj/feishu-static/apaas/ai/miaoda/1529.2b22de6b52564220.js:1
[  786918ms] [LOG] [useServerLogManager] Connection status changed: connected @ https://sf3-scmcdn-cn.feishucdn.com/obj/feishu-static/apaas/ai/miaoda/1529.2b22de6b52564220.js:1
[  787766ms] [WARNING] The resource https://lf3-static.bytednsdoc.com/obj/eden-cn/LMfspH/ljhwZthlaukjlkulzlp/logo/miaodacover-mobile.png was preloaded using link preload but not used within a few seconds from the window's load event. Please make sure it has an appropriate `as` value and it is preloaded intentionally. @ https://gtportal-app_4k9rsyph7an84-1866813513488420.aiforce.run/app/app_4k9rsyph7an84:0
[  906909ms] [LOG] [useServerLogManager] Connection status changed: connecting @ https://sf3-scmcdn-cn.feishucdn.com/obj/feishu-static/apaas/ai/miaoda/1529.2b22de6b52564220.js:1
[  910229ms] [LOG] [useServerLogManager] Connection status changed: connected @ https://sf3-scmcdn-cn.feishucdn.com/obj/feishu-static/apaas/ai/miaoda/1529.2b22de6b52564220.js:1
[  910983ms] [WARNING] The resource https://lf3-static.bytednsdoc.com/obj/eden-cn/LMfspH/ljhwZthlaukjlkulzlp/logo/miaodacover-mobile.png was preloaded using link preload but not used within a few seconds from the window's load event. Please make sure it has an appropriate `as` value and it is preloaded intentionally. @ https://gtportal-app_4k9rsyph7an84-1866813513488420.aiforce.run/app/app_4k9rsyph7an84:0
[ 1015231ms] [LOG] %c🚒 Feedback%c[UnknownError][ResizeObserver loop completed with undelivered notifications.][F20260723171839217X1LJUBM95PUV75] padding: 3px 6px; border-radius: 3px 0 0 3px; color: #fff; background: #606060; font-weight: bold; padding: 3px 6px; border-radius: 0 3px 3px 0; color: #fff; background: #d63947; font-weight: bold; @ https://sf3-scmcdn-cn.feishucdn.com/obj/feishu-static/apaas/ai/miaoda/1529.2b22de6b52564220.js:1
[ 1015231ms] [ERROR] [logger] UnknownError: ResizeObserver loop completed with undelivered notifications. | [UnknownError][ResizeObserver loop completed with undelivered notifications.][F20260723171839217X1LJUBM95PUV75] @ https://sf3-scmcdn-cn.feishucdn.com/obj/feishu-static/apaas/ai/miaoda/4933.bc0cc3e35b32004d.js:5
[ 1030307ms] [LOG] [useServerLogManager] Connection status changed: connecting @ https://sf3-scmcdn-cn.feishucdn.com/obj/feishu-static/apaas/ai/miaoda/1529.2b22de6b52564220.js:1
[ 1032519ms] [LOG] [Runtime] Tab hidden, SSE paused @ https://gtportal-app_4k9rsyph7an84-1866813513488420.aiforce.run/app/app_4k9rsyph7an84/node_modules/.vite/deps/chunk-N3TY5PEM.js?v=6f175617:37525
[ 1032520ms] [LOG] [Runtime] Server log SSE client stopped @ https://gtportal-app_4k9rsyph7an84-1866813513488420.aiforce.run/app/app_4k9rsyph7an84/node_modules/.vite/deps/chunk-N3TY5PEM.js?v=6f175617:37525
[ 1032558ms] [LOG] [useServerLogManager] Connection status changed: disconnected @ https://sf3-scmcdn-cn.feishucdn.com/obj/feishu-static/apaas/ai/miaoda/1529.2b22de6b52564220.js:1
[   58410ms] [WARNING] The resource https://lf3-static.bytednsdoc.com/obj/eden-cn/LMfspH/ljhwZthlaukjlkulzlp/logo/miaodacover-mobile.png was preloaded using link preload but not used within a few seconds from the window's load event. Please make sure it has an appropriate `as` value and it is preloaded intentionally. @ https://gtportal-app_4k9rsyph7an84-1866813513488420.aiforce.run/app/app_4k9rsyph7an84?sso_token=eyJhbGciOiJIUzI1NiIsInR5cCI6IkpXVCJ9.eyJleHAiOjE3ODQ3OTc2NDcsImp0aSI6InBXLW5iSS10Wm4xMHQ0R05laWh0OUdqWi1JbUltM0x1ZkljVi1Wd3psV1k9IiwiaWF0IjoxNzg0Nzk3MzQ3LCJ0ZW5hbnRfaWQiOiI0MTU3NzEiLCJ1c2VyX2lkIjoiMTgwNjA2NzExMjkzODY1NiIsImFwcF9pZCI6IiIsImxhcmtfdGVuYW50X2lkIjoiNjkxNDgyMTczMzk0MTc3MjI4OSIsImxhcmtfdXNlcl9pZCI6IjY5Njk2NTE4NTg0MzIzNDQwOTIifQ.X_9ropEakmeoVSntnvXsQ0_rNlBpLToS3DZUYiqHaQE&locale=zh_CN:0
[   63978ms] [WARNING] The resource https://lf3-static.bytednsdoc.com/obj/eden-cn/LMfspH/ljhwZthlaukjlkulzlp/logo/miaodacover-mobile.png was preloaded using link preload but not used within a few seconds from the window's load event. Please make sure it has an appropriate `as` value and it is preloaded intentionally. @ https://gtportal-app_4k9rsyph7an84-1866813513488420.aiforce.run/app/app_4k9rsyph7an84:0
[   68601ms] [WARNING] The resource https://lf3-static.bytednsdoc.com/obj/eden-cn/LMfspH/ljhwZthlaukjlkulzlp/logo/miaodacover-mobile.png was preloaded using link preload but not used within a few seconds from the window's load event. Please make sure it has an appropriate `as` value and it is preloaded intentionally. @ https://gtportal-app_4k9rsyph7an84-1866813513488420.aiforce.run/app/app_4k9rsyph7an84:0
[  171357ms] [WARNING] The resource https://lf3-static.bytednsdoc.com/obj/eden-cn/LMfspH/ljhwZthlaukjlkulzlp/logo/miaodacover-mobile.png was preloaded using link preload but not used within a few seconds from the window's load event. Please make sure it has an appropriate `as` value and it is preloaded intentionally. @ https://gtportal-app_4k9rsyph7an84-1866813513488420.aiforce.run/app/app_4k9rsyph7an84:0
[  295007ms] [WARNING] The resource https://lf3-static.bytednsdoc.com/obj/eden-cn/LMfspH/ljhwZthlaukjlkulzlp/logo/miaodacover-mobile.png was preloaded using link preload but not used within a few seconds from the window's load event. Please make sure it has an appropriate `as` value and it is preloaded intentionally. @ https://gtportal-app_4k9rsyph7an84-1866813513488420.aiforce.run/app/app_4k9rsyph7an84:0
[  418389ms] [WARNING] The resource https://lf3-static.bytednsdoc.com/obj/eden-cn/LMfspH/ljhwZthlaukjlkulzlp/logo/miaodacover-mobile.png was preloaded using link preload but not used within a few seconds from the window's load event. Please make sure it has an appropriate `as` value and it is preloaded intentionally. @ https://gtportal-app_4k9rsyph7an84-1866813513488420.aiforce.run/app/app_4k9rsyph7an84:0
[  541414ms] [WARNING] The resource https://lf3-static.bytednsdoc.com/obj/eden-cn/LMfspH/ljhwZthlaukjlkulzlp/logo/miaodacover-mobile.png was preloaded using link preload but not used within a few seconds from the window's load event. Please make sure it has an appropriate `as` value and it is preloaded intentionally. @ https://gtportal-app_4k9rsyph7an84-1866813513488420.aiforce.run/app/app_4k9rsyph7an84:0
[  664646ms] [WARNING] The resource https://lf3-static.bytednsdoc.com/obj/eden-cn/LMfspH/ljhwZthlaukjlkulzlp/logo/miaodacover-mobile.png was preloaded using link preload but not used within a few seconds from the window's load event. Please make sure it has an appropriate `as` value and it is preloaded intentionally. @ https://gtportal-app_4k9rsyph7an84-1866813513488420.aiforce.run/app/app_4k9rsyph7an84:0
[  787766ms] [WARNING] The resource https://lf3-static.bytednsdoc.com/obj/eden-cn/LMfspH/ljhwZthlaukjlkulzlp/logo/miaodacover-mobile.png was preloaded using link preload but not used within a few seconds from the window's load event. Please make sure it has an appropriate `as` value and it is preloaded intentionally. @ https://gtportal-app_4k9rsyph7an84-1866813513488420.aiforce.run/app/app_4k9rsyph7an84:0
[  910983ms] [WARNING] The resource https://lf3-static.bytednsdoc.com/obj/eden-cn/LMfspH/ljhwZthlaukjlkulzlp/logo/miaodacover-mobile.png was preloaded using link preload but not used within a few seconds from the window's load event. Please make sure it has an appropriate `as` value and it is preloaded intentionally. @ https://gtportal-app_4k9rsyph7an84-1866813513488420.aiforce.run/app/app_4k9rsyph7an84:0
[ 1033575ms] [LOG] [Runtime] Server log SSE client started @ https://gtportal-app_4k9rsyph7an84-1866813513488420.aiforce.run/app/app_4k9rsyph7an84/node_modules/.vite/deps/chunk-N3TY5PEM.js?v=6f175617:37525
[ 1033579ms] [LOG] [useLogManager] Preview session started, clearing logs @ https://sf3-scmcdn-cn.feishucdn.com/obj/feishu-static/apaas/ai/miaoda/1529.2b22de6b52564220.js:1
[ 1033579ms] [LOG] [useServerLogManager] Preview session started, set timestamp cutoff to 1784798337565 (2026-07-23T09:18:57.565Z) @ https://sf3-scmcdn-cn.feishucdn.com/obj/feishu-static/apaas/ai/miaoda/1529.2b22de6b52564220.js:1
[ 1033579ms] [LOG] [useServerLogManager] SSE connection is disconnected, attempting to reconnect... @ https://sf3-scmcdn-cn.feishucdn.com/obj/feishu-static/apaas/ai/miaoda/1529.2b22de6b52564220.js:1
[ 1033777ms] [LOG] [useServerLogManager] Connection status changed: connected @ https://sf3-scmcdn-cn.feishucdn.com/obj/feishu-static/apaas/ai/miaoda/1529.2b22de6b52564220.js:1
[ 1034326ms] [LOG] %c🚒 Feedback%c[UnknownError][ResizeObserver loop completed with undelivered notifications.][F20260723171858313C61UUNDSTGEGCL] padding: 3px 6px; border-radius: 3px 0 0 3px; color: #fff; background: #606060; font-weight: bold; padding: 3px 6px; border-radius: 0 3px 3px 0; color: #fff; background: #d63947; font-weight: bold; @ https://sf3-scmcdn-cn.feishucdn.com/obj/feishu-static/apaas/ai/miaoda/1529.2b22de6b52564220.js:1
[ 1034326ms] [ERROR] [logger] UnknownError: ResizeObserver loop completed with undelivered notifications. | [UnknownError][ResizeObserver loop completed with undelivered notifications.][F20260723171858313C61UUNDSTGEGCL] @ https://sf3-scmcdn-cn.feishucdn.com/obj/feishu-static/apaas/ai/miaoda/4933.bc0cc3e35b32004d.js:5
[ 1034355ms] [LOG] %c🚒 Feedback%c[UnknownError][ResizeObserver loop completed with undelivered notifications.][F20260723171858341GFROKLJZU539PW] padding: 3px 6px; border-radius: 3px 0 0 3px; color: #fff; background: #606060; font-weight: bold; padding: 3px 6px; border-radius: 0 3px 3px 0; color: #fff; background: #d63947; font-weight: bold; @ https://sf3-scmcdn-cn.feishucdn.com/obj/feishu-static/apaas/ai/miaoda/1529.2b22de6b52564220.js:1
[ 1034355ms] [ERROR] [logger] UnknownError: ResizeObserver loop completed with undelivered notifications. | [UnknownError][ResizeObserver loop completed with undelivered notifications.][F20260723171858341GFROKLJZU539PW] @ https://sf3-scmcdn-cn.feishucdn.com/obj/feishu-static/apaas/ai/miaoda/4933.bc0cc3e35b32004d.js:5
[ 1034395ms] [LOG] %c🚒 Feedback%c[UnknownError][ResizeObserver loop completed with undelivered notifications.][F20260723171858381FJWM116Y8MF2D6] padding: 3px 6px; border-radius: 3px 0 0 3px; color: #fff; background: #606060; font-weight: bold; padding: 3px 6px; border-radius: 0 3px 3px 0; color: #fff; background: #d63947; font-weight: bold; @ https://sf3-scmcdn-cn.feishucdn.com/obj/feishu-static/apaas/ai/miaoda/1529.2b22de6b52564220.js:1
[ 1034395ms] [ERROR] [logger] UnknownError: ResizeObserver loop completed with undelivered notifications. | [UnknownError][ResizeObserver loop completed with undelivered notifications.][F20260723171858381FJWM116Y8MF2D6] @ https://sf3-scmcdn-cn.feishucdn.com/obj/feishu-static/apaas/ai/miaoda/4933.bc0cc3e35b32004d.js:5
[ 1034434ms] [LOG] %c🚒 Feedback%c[UnknownError][ResizeObserver loop completed with undelivered notifications.][F20260723171858420BPDI1DWZMXBVR9] padding: 3px 6px; border-radius: 3px 0 0 3px; color: #fff; background: #606060; font-weight: bold; padding: 3px 6px; border-radius: 0 3px 3px 0; color: #fff; background: #d63947; font-weight: bold; @ https://sf3-scmcdn-cn.feishucdn.com/obj/feishu-static/apaas/ai/miaoda/1529.2b22de6b52564220.js:1
[ 1034434ms] [ERROR] [logger] UnknownError: ResizeObserver loop completed with undelivered notifications. | [UnknownError][ResizeObserver loop completed with undelivered notifications.][F20260723171858420BPDI1DWZMXBVR9] @ https://sf3-scmcdn-cn.feishucdn.com/obj/feishu-static/apaas/ai/miaoda/4933.bc0cc3e35b32004d.js:5
[ 1035290ms] [LOG] [Account][Service][Request] trace id: 1 method: POST params:  body: {appID: app_4k9rsyph7an84, tenantDomainName: gtportal-app_4k9rsyph7an84-1866813513488420} @ https://gtportal-app_4k9rsyph7an84-1866813513488420.aiforce.run/app/app_4k9rsyph7an84/node_modules/.vite/deps/chunk-N3TY5PEM.js?v=6f175617:37525
[ 1035292ms] [WARNING] ⚠️ React Router Future Flag Warning: React Router will begin wrapping state updates in `React.startTransition` in v7. You can use the `v7_startTransition` future flag to opt-in early. For more information, see https://reactrouter.com/v6/upgrading/future#v7_starttransition. @ https://gtportal-app_4k9rsyph7an84-1866813513488420.aiforce.run/app/app_4k9rsyph7an84/node_modules/.vite/deps/chunk-N3TY5PEM.js?v=6f175617:37525
[ 1035292ms] [WARNING] ⚠️ React Router Future Flag Warning: Relative route resolution within Splat routes is changing in v7. You can use the `v7_relativeSplatPath` future flag to opt-in early. For more information, see https://reactrouter.com/v6/upgrading/future#v7_relativesplatpath. @ https://gtportal-app_4k9rsyph7an84-1866813513488420.aiforce.run/app/app_4k9rsyph7an84/node_modules/.vite/deps/chunk-N3TY5PEM.js?v=6f175617:37525
[ 1035406ms] [LOG] [Account][Service][Response Success] trace id: 1 statusCode: 200 data: {userInfo: Object} @ https://gtportal-app_4k9rsyph7an84-1866813513488420.aiforce.run/app/app_4k9rsyph7an84/node_modules/.vite/deps/chunk-N3TY5PEM.js?v=6f175617:37525
[ 1035785ms] [LOG] [MiaoDa] [INFO] MiaoDaMetaInfoChanged {user_id: 1806067112938656, email: xiezhenzhen_hz@chinagreentown.com, name: 解珍珍, avatar: https://s3-imfile.feishucdn.com/static-resource/v1…_type=&quality=&format=image&sticker_format=.webp, userName: 解珍珍} @ https://gtportal-app_4k9rsyph7an84-1866813513488420.aiforce.run/app/app_4k9rsyph7an84/node_modules/.vite/deps/chunk-N3TY5PEM.js?v=6f175617:37525
[ 1039442ms] [WARNING] Tooltip is changing from controlled to uncontrolled. Components should not switch from controlled to uncontrolled (or vice versa). Decide between using a controlled or uncontrolled value for the lifetime of the component. @ https://sf3-scmcdn-cn.feishucdn.com/obj/feishu-static/apaas/ai/miaoda/1702.9db95000c2dd7c2c.js:0
[ 1040496ms] [LOG] 🚀extraErrors=== {} @ https://sf3-scmcdn-cn.feishucdn.com/obj/feishu-static/apaas/ai/miaoda/1529.2b22de6b52564220.js:1
[ 1040508ms] [LOG] 🚀extraErrors=== {} @ https://sf3-scmcdn-cn.feishucdn.com/obj/feishu-static/apaas/ai/miaoda/1529.2b22de6b52564220.js:1
[ 1040511ms] [LOG] 🚀extraErrors=== {} @ https://sf3-scmcdn-cn.feishucdn.com/obj/feishu-static/apaas/ai/miaoda/1529.2b22de6b52564220.js:1
[ 1040522ms] [LOG] 🍎errors===1 {__errors: Array(0), addError: , modelID: Object, modelParams: Object} @ https://sf3-scmcdn-cn.feishucdn.com/obj/feishu-static/apaas/ai/miaoda/1529.2b22de6b52564220.js:1
[ 1040523ms] [LOG] 🍓uniqueRawErrors=== [] [] @ https://sf3-scmcdn-cn.feishucdn.com/obj/feishu-static/apaas/ai/miaoda/1529.2b22de6b52564220.js:1
[ 1040524ms] [LOG] 🍓uniqueRawErrors=== [] [] @ https://sf3-scmcdn-cn.feishucdn.com/obj/feishu-static/apaas/ai/miaoda/1529.2b22de6b52564220.js:1
[ 1040525ms] [LOG] 🍓uniqueRawErrors=== undefined undefined @ https://sf3-scmcdn-cn.feishucdn.com/obj/feishu-static/apaas/ai/miaoda/1529.2b22de6b52564220.js:1
[ 1040538ms] [LOG] 🍎errors===1 {__errors: Array(0), addError: , modelID: Object, modelParams: Object} @ https://sf3-scmcdn-cn.feishucdn.com/obj/feishu-static/apaas/ai/miaoda/1529.2b22de6b52564220.js:1
[ 1040538ms] [LOG] 🍎errors===1 {} @ https://sf3-scmcdn-cn.feishucdn.com/obj/feishu-static/apaas/ai/miaoda/1529.2b22de6b52564220.js:1
[ 1040540ms] [LOG] 🚀extraErrors=== {} @ https://sf3-scmcdn-cn.feishucdn.com/obj/feishu-static/apaas/ai/miaoda/1529.2b22de6b52564220.js:1
[ 1040541ms] [LOG] 🍓uniqueRawErrors=== [] [] @ https://sf3-scmcdn-cn.feishucdn.com/obj/feishu-static/apaas/ai/miaoda/1529.2b22de6b52564220.js:1
[ 1040541ms] [LOG] 🍓uniqueRawErrors=== [] [] @ https://sf3-scmcdn-cn.feishucdn.com/obj/feishu-static/apaas/ai/miaoda/1529.2b22de6b52564220.js:1
[ 1040541ms] [LOG] 🍓uniqueRawErrors=== undefined undefined @ https://sf3-scmcdn-cn.feishucdn.com/obj/feishu-static/apaas/ai/miaoda/1529.2b22de6b52564220.js:1
[ 1040548ms] [LOG] 🍎errors===1 {__errors: Array(0), addError: , modelID: Object, modelParams: Object} @ https://sf3-scmcdn-cn.feishucdn.com/obj/feishu-static/apaas/ai/miaoda/1529.2b22de6b52564220.js:1
[ 1040551ms] [LOG] 🍎errors===1 {__errors: Array(0), addError: , modelID: Object, modelParams: Object} @ https://sf3-scmcdn-cn.feishucdn.com/obj/feishu-static/apaas/ai/miaoda/1529.2b22de6b52564220.js:1
[ 1040551ms] [LOG] 🍎errors===1 {} @ https://sf3-scmcdn-cn.feishucdn.com/obj/feishu-static/apaas/ai/miaoda/1529.2b22de6b52564220.js:1
[ 1040551ms] [LOG] 🚀extraErrors=== {} @ https://sf3-scmcdn-cn.feishucdn.com/obj/feishu-static/apaas/ai/miaoda/1529.2b22de6b52564220.js:1
[ 1040638ms] [LOG] 🚀extraErrors=== {} @ https://sf3-scmcdn-cn.feishucdn.com/obj/feishu-static/apaas/ai/miaoda/1529.2b22de6b52564220.js:1
[ 1076428ms] [LOG] [Account][Service][Request] trace id: 2 method: POST params:  body: {appID: app_4k9rsyph7an84, tenantDomainName: gtportal-app_4k9rsyph7an84-1866813513488420} @ https://gtportal-app_4k9rsyph7an84-1866813513488420.aiforce.run/app/app_4k9rsyph7an84/node_modules/.vite/deps/chunk-N3TY5PEM.js?v=6f175617:37525
[ 1076544ms] [LOG] [Account][Service][Response Success] trace id: 2 statusCode: 200 data: {userInfo: Object} @ https://gtportal-app_4k9rsyph7an84-1866813513488420.aiforce.run/app/app_4k9rsyph7an84/node_modules/.vite/deps/chunk-N3TY5PEM.js?v=6f175617:37525
[ 1076545ms] [LOG] [MiaoDa] [INFO] MiaoDaMetaInfoChanged {user_id: 1806067112938656, email: xiezhenzhen_hz@chinagreentown.com, name: 解珍珍, avatar: https://s3-imfile.feishucdn.com/static-resource/v1…_type=&quality=&format=image&sticker_format=.webp, userName: 解珍珍} @ https://gtportal-app_4k9rsyph7an84-1866813513488420.aiforce.run/app/app_4k9rsyph7an84/node_modules/.vite/deps/chunk-N3TY5PEM.js?v=6f175617:37525
[ 1104639ms] [LOG] [MiaoDa] [INFO] B路线·L2 回应池命中 [TEST:talk_biz] anchor=p1_diagnose @ https://gtportal-app_4k9rsyph7an84-1866813513488420.aiforce.run/app/app_4k9rsyph7an84/node_modules/.vite/deps/chunk-N3TY5PEM.js?v=6f175617:37525
[ 1116121ms] [LOG] [MiaoDa] [INFO] B路线·L2 回应池命中 [TEST:ask_info] anchor=p1_diagnose @ https://gtportal-app_4k9rsyph7an84-1866813513488420.aiforce.run/app/app_4k9rsyph7an84/node_modules/.vite/deps/chunk-N3TY5PEM.js?v=6f175617:37525
[ 1131724ms] [LOG] [MiaoDa] [INFO] B路线·L2 回应池命中 [TEST:ask_opinion] anchor=p3_reframe @ https://gtportal-app_4k9rsyph7an84-1866813513488420.aiforce.run/app/app_4k9rsyph7an84/node_modules/.vite/deps/chunk-N3TY5PEM.js?v=6f175617:37525
[ 1136764ms] [ERROR] `DialogContent` requires a `DialogTitle` for the component to be accessible for screen reader users.

If you want to hide the `DialogTitle`, you can wrap it with our VisuallyHidden component.

For more information, see https://radix-ui.com/primitives/docs/components/dialog @ https://sf3-scmcdn-cn.feishucdn.com/obj/feishu-static/apaas/ai/miaoda/4686.89b019180b1d551a.js:4
[ 1136765ms] [WARNING] Warning: Missing `Description` or `aria-describedby={undefined}` for {DialogContent}. @ https://sf3-scmcdn-cn.feishucdn.com/obj/feishu-static/apaas/ai/miaoda/4686.89b019180b1d551a.js:4
[ 1153766ms] [LOG] [useServerLogManager] Connection status changed: connecting @ https://sf3-scmcdn-cn.feishucdn.com/obj/feishu-static/apaas/ai/miaoda/1529.2b22de6b52564220.js:1
[ 1157034ms] [LOG] [useServerLogManager] Connection status changed: connected @ https://sf3-scmcdn-cn.feishucdn.com/obj/feishu-static/apaas/ai/miaoda/1529.2b22de6b52564220.js:1
[ 1246787ms] [ERROR] %c  ERR color: #f33 unknown text editor: Error: unknown text editor
	at tQ.$acceptEditorPropertiesChanged (file:///opt/force/bin/code-server/out/vs/workbench/api/node/extensionHostProcess.js:199:80491)
	at YS._doInvokeHandler (file:///opt/force/bin/code-server/out/vs/workbench/api/node/extensionHostProcess.js:29:133416)
	at YS._invokeHandler (file:///opt/force/bin/code-server/out/vs/workbench/api/node/extensionHostProcess.js:29:133160)
	at YS._receiveRequest (file:///opt/force/bin/code-server/out/vs/workbench/api/node/extensionHostProcess.js:29:131926)
	at YS._receiveOneMessage (file:///opt/force/bin/code-server/out/vs/workbench/api/node/extensionHostProcess.js:29:130752)
	at ph.value (file:///opt/force/bin/code-server/out/vs/workbench/api/node/extensionHostProcess.js:29:128851)
	at I._deliver (file:///opt/force/bin/code-server/out/vs/workbench/api/node/extensionHostProcess.js:27:2937)
	at I.fire (file:///opt/force/bin/code-server/out/vs/workbench/api/node/extensionHostProcess.js:27:3257)
	at Ao.fire (file:///opt/force/bin/code-server/out/vs/workbench/api/node/extensionHostProcess.js:29:11147)
	at ph.value (file:///opt/force/bin/code-server/out/vs/workbench/api/node/extensionHostProcess.js:391:11019)
	at I._deliver (file:///opt/force/bin/code-server/out/vs/workbench/api/node/extensionHostProcess.js:27:2937)
	at I.fire (file:///opt/force/bin/code-server/out/vs/workbench/api/node/extensionHostProcess.js:27:3257)
	at file:///opt/force/bin/code-server/out/vs/workbench/api/node/extensionHostProcess.js:118:4052
	at AsyncLocalStorage.run (node:internal/async_local_storage/async_hooks:91:14)
	at qy (file:///opt/force/bin/code-server/out/vs/workbench/api/node/extensionHostProcess.js:118:3482)
	at ph.value (file:///opt/force/bin/code-server/out/vs/workbench/api/node/extensionHostProcess.js:118:4026)
	at I._deliver (file:///opt/force/bin/code-server/out/vs/workbench/api/node/extensionHostProcess.js:27:2937)
	at I.fire (file:///opt/force/bin/code-server/out/vs/workbench/api/node/extensionHostProcess.js:27:3257)
	at Ao.fire (file:///opt/force/bin/code-server/out/vs/workbench/api/node/extensionHostProcess.js:29:11147)
	at zh._receiveMessage (file:///opt/force/bin/code-server/out/vs/workbench/api/node/extensionHostProcess.js:29:16653)
	at ph.value (file:///opt/force/bin/code-server/out/vs/workbench/api/node/extensionHostProcess.js:29:13830)
	at I._deliver (file:///opt/force/bin/code-server/out/vs/workbench/api/node/extensionHostProcess.js:27:2937)
	at I.fire (file:///opt/force/bin/code-server/out/vs/workbench/api/node/extensionHostProcess.js:27:3257)
	at Lx.acceptChunk (file:///opt/force/bin/code-server/out/vs/workbench/api/node/extensionHostProcess.js:29:8943)
	at ph.value (file:///opt/force/bin/code-server/out/vs/workbench/api/node/extensionHostProcess.js:29:8072)
	at I._deliver (file:///opt/force/bin/code-server/out/vs/workbench/api/node/extensionHostProcess.js:27:2937)
	at I.fire (file:///opt/force/bin/code-server/out/vs/workbench/api/node/extensionHostProcess.js:27:3257)
	at TN._processReadQueue (file:///opt/force/bin/code-server/out/vs/workbench/api/node/extensionHostProcess.js:29:29089)
	at TN.acceptFrame (file:///opt/force/bin/code-server/out/vs/workbench/api/node/extensionHostProcess.js:29:28745)
	at Fx._acceptChunk (file:///opt/force/bin/code-server/out/vs/workbench/api/node/extensionHostProcess.js:29:26488)
	at file:///opt/force/bin/code-server/out/vs/workbench/api/node/extensionHostProcess.js:29:23357
	at Socket.t (file:///opt/force/bin/code-server/out/vs/workbench/api/node/extensionHostProcess.js:29:21151)
	at Socket.emit (node:events:518:28)
	at addChunk (node:internal/streams/readable:561:12)
	at readableAddChunkPushByteMode (node:internal/streams/readable:512:3)
	at Readable.push (node:internal/streams/readable:392:5)
	at TCP.onStreamRead (node:internal/stream_base_commons:189:23)
	at TCP.callbackTrampoline (node:internal/async_hooks:130:17) @ https://sf3-scmcdn-cn.feishucdn.com/obj/feishu-static/apaas/ai/ide/1.0.0.75/out/vs/code/browser/bridge/workbench.js:697
[ 1258516ms] [WARNING] Tooltip is changing from controlled to uncontrolled. Components should not switch from controlled to uncontrolled (or vice versa). Decide between using a controlled or uncontrolled value for the lifetime of the component. @ https://sf3-scmcdn-cn.feishucdn.com/obj/feishu-static/apaas/ai/miaoda/1702.9db95000c2dd7c2c.js:0
[ 1262559ms] [WARNING] Tooltip is changing from controlled to uncontrolled. Components should not switch from controlled to uncontrolled (or vice versa). Decide between using a controlled or uncontrolled value for the lifetime of the component. @ https://sf3-scmcdn-cn.feishucdn.com/obj/feishu-static/apaas/ai/miaoda/1702.9db95000c2dd7c2c.js:0
[ 1270187ms] [LOG] tenantInfo => {tenantMeta: Object, isInBlacklist: false} @ https://sf3-scmcdn-cn.feishucdn.com/obj/feishu-static/apaas/ai/miaoda/1529.2b22de6b52564220.js:1
[ 1277031ms] [LOG] [useServerLogManager] Connection status changed: connecting @ https://sf3-scmcdn-cn.feishucdn.com/obj/feishu-static/apaas/ai/miaoda/1529.2b22de6b52564220.js:1
[ 1280309ms] [LOG] [useServerLogManager] Connection status changed: connected @ https://sf3-scmcdn-cn.feishucdn.com/obj/feishu-static/apaas/ai/miaoda/1529.2b22de6b52564220.js:1
[ 1400303ms] [LOG] [useServerLogManager] Connection status changed: connecting @ https://sf3-scmcdn-cn.feishucdn.com/obj/feishu-static/apaas/ai/miaoda/1529.2b22de6b52564220.js:1
[ 1403547ms] [LOG] [useServerLogManager] Connection status changed: connected @ https://sf3-scmcdn-cn.feishucdn.com/obj/feishu-static/apaas/ai/miaoda/1529.2b22de6b52564220.js:1
[ 1523549ms] [LOG] [useServerLogManager] Connection status changed: connecting @ https://sf3-scmcdn-cn.feishucdn.com/obj/feishu-static/apaas/ai/miaoda/1529.2b22de6b52564220.js:1
[ 1526995ms] [LOG] [useServerLogManager] Connection status changed: connected @ https://sf3-scmcdn-cn.feishucdn.com/obj/feishu-static/apaas/ai/miaoda/1529.2b22de6b52564220.js:1
[ 1646991ms] [LOG] [useServerLogManager] Connection status changed: connecting @ https://sf3-scmcdn-cn.feishucdn.com/obj/feishu-static/apaas/ai/miaoda/1529.2b22de6b52564220.js:1
[ 1650191ms] [LOG] [useServerLogManager] Connection status changed: connected @ https://sf3-scmcdn-cn.feishucdn.com/obj/feishu-static/apaas/ai/miaoda/1529.2b22de6b52564220.js:1
[ 1770207ms] [LOG] [useServerLogManager] Connection status changed: connecting @ https://sf3-scmcdn-cn.feishucdn.com/obj/feishu-static/apaas/ai/miaoda/1529.2b22de6b52564220.js:1
[ 1773411ms] [LOG] [useServerLogManager] Connection status changed: connected @ https://sf3-scmcdn-cn.feishucdn.com/obj/feishu-static/apaas/ai/miaoda/1529.2b22de6b52564220.js:1
[ 1893409ms] [LOG] [useServerLogManager] Connection status changed: connecting @ https://sf3-scmcdn-cn.feishucdn.com/obj/feishu-static/apaas/ai/miaoda/1529.2b22de6b52564220.js:1
[ 1896610ms] [LOG] [useServerLogManager] Connection status changed: connected @ https://sf3-scmcdn-cn.feishucdn.com/obj/feishu-static/apaas/ai/miaoda/1529.2b22de6b52564220.js:1
[ 2016607ms] [LOG] [useServerLogManager] Connection status changed: connecting @ https://sf3-scmcdn-cn.feishucdn.com/obj/feishu-static/apaas/ai/miaoda/1529.2b22de6b52564220.js:1
[ 2019839ms] [LOG] [useServerLogManager] Connection status changed: connected @ https://sf3-scmcdn-cn.feishucdn.com/obj/feishu-static/apaas/ai/miaoda/1529.2b22de6b52564220.js:1
[ 2062146ms] [WARNING] The resource https://lf3-static.bytednsdoc.com/obj/eden-cn/LMfspH/ljhwZthlaukjlkulzlp/logo/miaodacover-mobile.png was preloaded using link preload but not used within a few seconds from the window's load event. Please make sure it has an appropriate `as` value and it is preloaded intentionally. @ https://gtportal-app_4k9rsyph7an84-1866813513488420.aiforce.run/app/app_4k9rsyph7an84/tg001/engine/d38316fb-431c-4481-8d89-2e51d991dc7d:0
[ 2071863ms] [LOG] scores: null @ https://sf3-scmcdn-cn.feishucdn.com/obj/feishu-static/apaas/ai/miaoda/1529.2b22de6b52564220.js:1
[ 2071864ms] [LOG] traps: null @ https://sf3-scmcdn-cn.feishucdn.com/obj/feishu-static/apaas/ai/miaoda/1529.2b22de6b52564220.js:1
[ 2071864ms] [LOG] mood: null @ https://sf3-scmcdn-cn.feishucdn.com/obj/feishu-static/apaas/ai/miaoda/1529.2b22de6b52564220.js:1
[ 2071864ms] [LOG] last_session: null @ https://sf3-scmcdn-cn.feishucdn.com/obj/feishu-static/apaas/ai/miaoda/1529.2b22de6b52564220.js:1
[ 2139844ms] [LOG] [useServerLogManager] Connection status changed: connecting @ https://sf3-scmcdn-cn.feishucdn.com/obj/feishu-static/apaas/ai/miaoda/1529.2b22de6b52564220.js:1
[ 2143181ms] [LOG] [useServerLogManager] Connection status changed: connected @ https://sf3-scmcdn-cn.feishucdn.com/obj/feishu-static/apaas/ai/miaoda/1529.2b22de6b52564220.js:1
[ 2143919ms] [WARNING] The resource https://lf3-static.bytednsdoc.com/obj/eden-cn/LMfspH/ljhwZthlaukjlkulzlp/logo/miaodacover-mobile.png was preloaded using link preload but not used within a few seconds from the window's load event. Please make sure it has an appropriate `as` value and it is preloaded intentionally. @ https://gtportal-app_4k9rsyph7an84-1866813513488420.aiforce.run/app/app_4k9rsyph7an84/tg001/engine/d38316fb-431c-4481-8d89-2e51d991dc7d:0
[ 2150521ms] [LOG] scores: null @ https://sf3-scmcdn-cn.feishucdn.com/obj/feishu-static/apaas/ai/miaoda/1529.2b22de6b52564220.js:1
[ 2150521ms] [LOG] traps: null @ https://sf3-scmcdn-cn.feishucdn.com/obj/feishu-static/apaas/ai/miaoda/1529.2b22de6b52564220.js:1
[ 2150521ms] [LOG] mood: null @ https://sf3-scmcdn-cn.feishucdn.com/obj/feishu-static/apaas/ai/miaoda/1529.2b22de6b52564220.js:1
[ 2150521ms] [LOG] last_session: null @ https://sf3-scmcdn-cn.feishucdn.com/obj/feishu-static/apaas/ai/miaoda/1529.2b22de6b52564220.js:1
[ 2228800ms] [LOG] lgw_domain_config : {"data":{"allow_list":["feishu.cn","feishu-pre.cn","feishu-pre.net","feishu.net" @ https://sf3-scmcdn-cn.feishucdn.com/obj/feishu-static/apaas/ai/miaoda/1529.2b22de6b52564220.js:1
[ 2228800ms] [LOG] userDataProfiles : [] @ https://sf3-scmcdn-cn.feishucdn.com/obj/feishu-static/apaas/ai/miaoda/1529.2b22de6b52564220.js:1
[ 2228800ms] [LOG] isSupportLocalStorage : true @ https://sf3-scmcdn-cn.feishucdn.com/obj/feishu-static/apaas/ai/miaoda/1529.2b22de6b52564220.js:1
[ 2228800ms] [LOG] __tea_cache_tokens_1161 : {"web_id":"7665646177267861034","user_unique_id":"6969651858432344092","timestam @ https://sf3-scmcdn-cn.feishucdn.com/obj/feishu-static/apaas/ai/miaoda/1529.2b22de6b52564220.js:1
[ 2228801ms] [LOG] aily_play_enable_gen_page_v2 : true @ https://sf3-scmcdn-cn.feishucdn.com/obj/feishu-static/apaas/ai/miaoda/1529.2b22de6b52564220.js:1
[ 2228801ms] [LOG] miaoda-pin-state-app : {"app":false,"code":true,"database":true,"plugin":true,"file":false,"automation" @ https://sf3-scmcdn-cn.feishucdn.com/obj/feishu-static/apaas/ai/miaoda/1529.2b22de6b52564220.js:1
[ 2228801ms] [LOG] __tea_cache_first_788827 : 1 @ https://sf3-scmcdn-cn.feishucdn.com/obj/feishu-static/apaas/ai/miaoda/1529.2b22de6b52564220.js:1
[ 2228801ms] [LOG] __tea_cache_first_1161 : 1 @ https://sf3-scmcdn-cn.feishucdn.com/obj/feishu-static/apaas/ai/miaoda/1529.2b22de6b52564220.js:1
[ 2228801ms] [LOG] SLARDARlark_policy_sdk_fe : JTdCJTIydXNlcklkJTIyOiUyMjY5Njk2NTE4NTg0MzIzNDQwOTIlMjIsJTIyZGV2aWNlSWQlMjI6JTIy @ https://sf3-scmcdn-cn.feishucdn.com/obj/feishu-static/apaas/ai/miaoda/1529.2b22de6b52564220.js:1
[ 2228801ms] [LOG] __lite_tea_cache_token_1161 : {"web_id":"7665646220061148713","ssid":"un_support","user_unique_id":"4af1cbab2e @ https://sf3-scmcdn-cn.feishucdn.com/obj/feishu-static/apaas/ai/miaoda/1529.2b22de6b52564220.js:1
[ 2228801ms] [LOG] profileAssociations : {"workspaces":{"vscode-remote://force%2Bsandbox-1866813513488420/home/gem/worksp @ https://sf3-scmcdn-cn.feishucdn.com/obj/feishu-static/apaas/ai/miaoda/1529.2b22de6b52564220.js:1
[ 2228801ms] [LOG] monaco-parts-splash : {"baseTheme":"vs","colorInfo":{"foreground":"#1f2329","background":"#ffffff","ed @ https://sf3-scmcdn-cn.feishucdn.com/obj/feishu-static/apaas/ai/miaoda/1529.2b22de6b52564220.js:1
[ 2228801ms] [LOG] DefaultOverridesCacheExists : yes @ https://sf3-scmcdn-cn.feishucdn.com/obj/feishu-static/apaas/ai/miaoda/1529.2b22de6b52564220.js:1
[ 2228801ms] [LOG] miaoda_monitoring_active_tab : dashboard @ https://sf3-scmcdn-cn.feishucdn.com/obj/feishu-static/apaas/ai/miaoda/1529.2b22de6b52564220.js:1
[ 2228801ms] [LOG] miaoda-preview-device-mode:app_4k9rsyph7an84 : pc @ https://sf3-scmcdn-cn.feishucdn.com/obj/feishu-static/apaas/ai/miaoda/1529.2b22de6b52564220.js:1
[ 2228801ms] [LOG] SLARDARlark_lgw_sdk_fe : JTdCJTIydXNlcklkJTIyOiUyMjRlYmM2MmM1LWQwODctNGUyOS1hODA1LTA5Y2RiMzc5YmY3YSUyMiwl @ https://sf3-scmcdn-cn.feishucdn.com/obj/feishu-static/apaas/ai/miaoda/1529.2b22de6b52564220.js:1
[ 2228801ms] [LOG] __tea_cache_tokens_788827 : {"web_id":"7665646163093554730","user_unique_id":"7665646163093554730","timestam @ https://sf3-scmcdn-cn.feishucdn.com/obj/feishu-static/apaas/ai/miaoda/1529.2b22de6b52564220.js:1
[ 2228802ms] [LOG] SLARDARTenantWidgetSDK : JTdCJTIydXNlcklkJTIyOiUyMjAxNGEwZDZhLTViYjQtNGFlNS1iY2Q2LWMyN2FhMzFkMjM1ZiUyMiwl @ https://sf3-scmcdn-cn.feishucdn.com/obj/feishu-static/apaas/ai/miaoda/1529.2b22de6b52564220.js:1
[ 2228802ms] [LOG] SLARDARapaas_miaoda : JTdCJTIydXNlcklkJTIyOiUyMjY5Njk2NTE4NTg0MzIzNDQwOTIlMjIsJTIyZGV2aWNlSWQlMjI6JTIy @ https://sf3-scmcdn-cn.feishucdn.com/obj/feishu-static/apaas/ai/miaoda/1529.2b22de6b52564220.js:1
[ 2228802ms] [LOG] policy-sdk-config-6969651858432344092-169 : {"sdkSwitch":true,"whiteList":{"userAgent":[{"pattern":"VC\\/\\d+\\.\\d+\\.\\d+[ @ https://sf3-scmcdn-cn.feishucdn.com/obj/feishu-static/apaas/ai/miaoda/1529.2b22de6b52564220.js:1
[ 2228802ms] [LOG] miaoda_prefetch_copilot_cache : {"v":1,"entries":{"app_4k9rsyph7an84":{"p":true,"ts":1784797345841}}} @ https://sf3-scmcdn-cn.feishucdn.com/obj/feishu-static/apaas/ai/miaoda/1529.2b22de6b52564220.js:1
[ 2263128ms] [LOG] [useServerLogManager] Connection status changed: connecting @ https://sf3-scmcdn-cn.feishucdn.com/obj/feishu-static/apaas/ai/miaoda/1529.2b22de6b52564220.js:1
[ 2266454ms] [LOG] [useServerLogManager] Connection status changed: connected @ https://sf3-scmcdn-cn.feishucdn.com/obj/feishu-static/apaas/ai/miaoda/1529.2b22de6b52564220.js:1
[ 2267197ms] [WARNING] The resource https://lf3-static.bytednsdoc.com/obj/eden-cn/LMfspH/ljhwZthlaukjlkulzlp/logo/miaodacover-mobile.png was preloaded using link preload but not used within a few seconds from the window's load event. Please make sure it has an appropriate `as` value and it is preloaded intentionally. @ https://gtportal-app_4k9rsyph7an84-1866813513488420.aiforce.run/app/app_4k9rsyph7an84/tg001/engine/d38316fb-431c-4481-8d89-2e51d991dc7d:0
[ 2386416ms] [LOG] [useServerLogManager] Connection status changed: connecting @ https://sf3-scmcdn-cn.feishucdn.com/obj/feishu-static/apaas/ai/miaoda/1529.2b22de6b52564220.js:1
[ 2389707ms] [LOG] [useServerLogManager] Connection status changed: connected @ https://sf3-scmcdn-cn.feishucdn.com/obj/feishu-static/apaas/ai/miaoda/1529.2b22de6b52564220.js:1
[ 2390491ms] [WARNING] The resource https://lf3-static.bytednsdoc.com/obj/eden-cn/LMfspH/ljhwZthlaukjlkulzlp/logo/miaodacover-mobile.png was preloaded using link preload but not used within a few seconds from the window's load event. Please make sure it has an appropriate `as` value and it is preloaded intentionally. @ https://gtportal-app_4k9rsyph7an84-1866813513488420.aiforce.run/app/app_4k9rsyph7an84/tg001/engine/d38316fb-431c-4481-8d89-2e51d991dc7d:0
[ 2509696ms] [LOG] [useServerLogManager] Connection status changed: connecting @ https://sf3-scmcdn-cn.feishucdn.com/obj/feishu-static/apaas/ai/miaoda/1529.2b22de6b52564220.js:1
[ 2512863ms] [LOG] [useServerLogManager] Connection status changed: connected @ https://sf3-scmcdn-cn.feishucdn.com/obj/feishu-static/apaas/ai/miaoda/1529.2b22de6b52564220.js:1
[ 2513813ms] [WARNING] The resource https://lf3-static.bytednsdoc.com/obj/eden-cn/LMfspH/ljhwZthlaukjlkulzlp/logo/miaodacover-mobile.png was preloaded using link preload but not used within a few seconds from the window's load event. Please make sure it has an appropriate `as` value and it is preloaded intentionally. @ https://gtportal-app_4k9rsyph7an84-1866813513488420.aiforce.run/app/app_4k9rsyph7an84/tg001/engine/d38316fb-431c-4481-8d89-2e51d991dc7d:0
[ 2632862ms] [LOG] [useServerLogManager] Connection status changed: connecting @ https://sf3-scmcdn-cn.feishucdn.com/obj/feishu-static/apaas/ai/miaoda/1529.2b22de6b52564220.js:1
[ 2636028ms] [LOG] [useServerLogManager] Connection status changed: connected @ https://sf3-scmcdn-cn.feishucdn.com/obj/feishu-static/apaas/ai/miaoda/1529.2b22de6b52564220.js:1
[ 2636939ms] [WARNING] The resource https://lf3-static.bytednsdoc.com/obj/eden-cn/LMfspH/ljhwZthlaukjlkulzlp/logo/miaodacover-mobile.png was preloaded using link preload but not used within a few seconds from the window's load event. Please make sure it has an appropriate `as` value and it is preloaded intentionally. @ https://gtportal-app_4k9rsyph7an84-1866813513488420.aiforce.run/app/app_4k9rsyph7an84/tg001/engine/d38316fb-431c-4481-8d89-2e51d991dc7d:0
[ 2748111ms] [LOG] null @ https://sf3-scmcdn-cn.feishucdn.com/obj/feishu-static/apaas/ai/miaoda/1529.2b22de6b52564220.js:1
[ 2966019ms] [ERROR] Failed to load resource: net::ERR_HTTP2_PROTOCOL_ERROR @ https://gtportal-app_4k9rsyph7an84-1866813513488420.aiforce.run/app/app_4k9rsyph7an84/dev/logs/server-logs/stream:0
[ 2966020ms] [LOG] [useServerLogManager] Connection status changed: connecting @ https://sf3-scmcdn-cn.feishucdn.com/obj/feishu-static/apaas/ai/miaoda/1529.2b22de6b52564220.js:1
[ 2969282ms] [LOG] [useServerLogManager] Connection status changed: connected @ https://sf3-scmcdn-cn.feishucdn.com/obj/feishu-static/apaas/ai/miaoda/1529.2b22de6b52564220.js:1
[ 2970242ms] [WARNING] The resource https://lf3-static.bytednsdoc.com/obj/eden-cn/LMfspH/ljhwZthlaukjlkulzlp/logo/miaodacover-mobile.png was preloaded using link preload but not used within a few seconds from the window's load event. Please make sure it has an appropriate `as` value and it is preloaded intentionally. @ https://gtportal-app_4k9rsyph7an84-1866813513488420.aiforce.run/app/app_4k9rsyph7an84/tg001/engine/d38316fb-431c-4481-8d89-2e51d991dc7d:0
[ 3089277ms] [LOG] [useServerLogManager] Connection status changed: connecting @ https://sf3-scmcdn-cn.feishucdn.com/obj/feishu-static/apaas/ai/miaoda/1529.2b22de6b52564220.js:1
[ 3091393ms] [ERROR] Access to XMLHttpRequest at 'https://mon.zijieapi.com/monitor_browser/collect/batch/?biz_id=apaas_miaoda' from origin 'https://miaoda.feishu.cn' has been blocked by CORS policy: No 'Access-Control-Allow-Origin' header is present on the requested resource. @ https://miaoda.feishu.cn/app/app_4k9rsyph7an84?taskid=1871486769493028&from=aily:0
[ 3091394ms] [ERROR] Failed to load resource: net::ERR_FAILED @ https://mon.zijieapi.com/monitor_browser/collect/batch/?biz_id=apaas_miaoda:0
[ 3092524ms] [LOG] [useServerLogManager] Connection status changed: connected @ https://sf3-scmcdn-cn.feishucdn.com/obj/feishu-static/apaas/ai/miaoda/1529.2b22de6b52564220.js:1
[ 3093713ms] [WARNING] The resource https://lf3-static.bytednsdoc.com/obj/eden-cn/LMfspH/ljhwZthlaukjlkulzlp/logo/miaodacover-mobile.png was preloaded using link preload but not used within a few seconds from the window's load event. Please make sure it has an appropriate `as` value and it is preloaded intentionally. @ https://gtportal-app_4k9rsyph7an84-1866813513488420.aiforce.run/app/app_4k9rsyph7an84/tg001/engine/d38316fb-431c-4481-8d89-2e51d991dc7d:0
[ 3212524ms] [LOG] [useServerLogManager] Connection status changed: connecting @ https://sf3-scmcdn-cn.feishucdn.com/obj/feishu-static/apaas/ai/miaoda/1529.2b22de6b52564220.js:1
[ 3215725ms] [LOG] [useServerLogManager] Connection status changed: connected @ https://sf3-scmcdn-cn.feishucdn.com/obj/feishu-static/apaas/ai/miaoda/1529.2b22de6b52564220.js:1
[ 3216746ms] [WARNING] The resource https://lf3-static.bytednsdoc.com/obj/eden-cn/LMfspH/ljhwZthlaukjlkulzlp/logo/miaodacover-mobile.png was preloaded using link preload but not used within a few seconds from the window's load event. Please make sure it has an appropriate `as` value and it is preloaded intentionally. @ https://gtportal-app_4k9rsyph7an84-1866813513488420.aiforce.run/app/app_4k9rsyph7an84/tg001/engine/d38316fb-431c-4481-8d89-2e51d991dc7d:0
[ 3335711ms] [LOG] [useServerLogManager] Connection status changed: connecting @ https://sf3-scmcdn-cn.feishucdn.com/obj/feishu-static/apaas/ai/miaoda/1529.2b22de6b52564220.js:1
[ 3338880ms] [LOG] [useServerLogManager] Connection status changed: connected @ https://sf3-scmcdn-cn.feishucdn.com/obj/feishu-static/apaas/ai/miaoda/1529.2b22de6b52564220.js:1
[ 3339786ms] [WARNING] The resource https://lf3-static.bytednsdoc.com/obj/eden-cn/LMfspH/ljhwZthlaukjlkulzlp/logo/miaodacover-mobile.png was preloaded using link preload but not used within a few seconds from the window's load event. Please make sure it has an appropriate `as` value and it is preloaded intentionally. @ https://gtportal-app_4k9rsyph7an84-1866813513488420.aiforce.run/app/app_4k9rsyph7an84/tg001/engine/d38316fb-431c-4481-8d89-2e51d991dc7d:0
[ 3458883ms] [LOG] [useServerLogManager] Connection status changed: connecting @ https://sf3-scmcdn-cn.feishucdn.com/obj/feishu-static/apaas/ai/miaoda/1529.2b22de6b52564220.js:1
[ 3462065ms] [LOG] [useServerLogManager] Connection status changed: connected @ https://sf3-scmcdn-cn.feishucdn.com/obj/feishu-static/apaas/ai/miaoda/1529.2b22de6b52564220.js:1
[ 3462963ms] [WARNING] The resource https://lf3-static.bytednsdoc.com/obj/eden-cn/LMfspH/ljhwZthlaukjlkulzlp/logo/miaodacover-mobile.png was preloaded using link preload but not used within a few seconds from the window's load event. Please make sure it has an appropriate `as` value and it is preloaded intentionally. @ https://gtportal-app_4k9rsyph7an84-1866813513488420.aiforce.run/app/app_4k9rsyph7an84/tg001/engine/d38316fb-431c-4481-8d89-2e51d991dc7d:0
[ 3582066ms] [LOG] [useServerLogManager] Connection status changed: connecting @ https://sf3-scmcdn-cn.feishucdn.com/obj/feishu-static/apaas/ai/miaoda/1529.2b22de6b52564220.js:1
[ 3585255ms] [LOG] [useServerLogManager] Connection status changed: connected @ https://sf3-scmcdn-cn.feishucdn.com/obj/feishu-static/apaas/ai/miaoda/1529.2b22de6b52564220.js:1
[ 3586131ms] [WARNING] The resource https://lf3-static.bytednsdoc.com/obj/eden-cn/LMfspH/ljhwZthlaukjlkulzlp/logo/miaodacover-mobile.png was preloaded using link preload but not used within a few seconds from the window's load event. Please make sure it has an appropriate `as` value and it is preloaded intentionally. @ https://gtportal-app_4k9rsyph7an84-1866813513488420.aiforce.run/app/app_4k9rsyph7an84/tg001/engine/d38316fb-431c-4481-8d89-2e51d991dc7d:0
[ 3705257ms] [LOG] [useServerLogManager] Connection status changed: connecting @ https://sf3-scmcdn-cn.feishucdn.com/obj/feishu-static/apaas/ai/miaoda/1529.2b22de6b52564220.js:1
[ 3708507ms] [LOG] [useServerLogManager] Connection status changed: connected @ https://sf3-scmcdn-cn.feishucdn.com/obj/feishu-static/apaas/ai/miaoda/1529.2b22de6b52564220.js:1
[ 3709319ms] [WARNING] The resource https://lf3-static.bytednsdoc.com/obj/eden-cn/LMfspH/ljhwZthlaukjlkulzlp/logo/miaodacover-mobile.png was preloaded using link preload but not used within a few seconds from the window's load event. Please make sure it has an appropriate `as` value and it is preloaded intentionally. @ https://gtportal-app_4k9rsyph7an84-1866813513488420.aiforce.run/app/app_4k9rsyph7an84/tg001/engine/d38316fb-431c-4481-8d89-2e51d991dc7d:0
[ 3828511ms] [LOG] [useServerLogManager] Connection status changed: connecting @ https://sf3-scmcdn-cn.feishucdn.com/obj/feishu-static/apaas/ai/miaoda/1529.2b22de6b52564220.js:1
[ 3831771ms] [LOG] [useServerLogManager] Connection status changed: connected @ https://sf3-scmcdn-cn.feishucdn.com/obj/feishu-static/apaas/ai/miaoda/1529.2b22de6b52564220.js:1
[ 3832652ms] [WARNING] The resource https://lf3-static.bytednsdoc.com/obj/eden-cn/LMfspH/ljhwZthlaukjlkulzlp/logo/miaodacover-mobile.png was preloaded using link preload but not used within a few seconds from the window's load event. Please make sure it has an appropriate `as` value and it is preloaded intentionally. @ https://gtportal-app_4k9rsyph7an84-1866813513488420.aiforce.run/app/app_4k9rsyph7an84/tg001/engine/d38316fb-431c-4481-8d89-2e51d991dc7d:0
[ 3951754ms] [LOG] [useServerLogManager] Connection status changed: connecting @ https://sf3-scmcdn-cn.feishucdn.com/obj/feishu-static/apaas/ai/miaoda/1529.2b22de6b52564220.js:1
[ 3954951ms] [LOG] [useServerLogManager] Connection status changed: connected @ https://sf3-scmcdn-cn.feishucdn.com/obj/feishu-static/apaas/ai/miaoda/1529.2b22de6b52564220.js:1
[ 3955826ms] [WARNING] The resource https://lf3-static.bytednsdoc.com/obj/eden-cn/LMfspH/ljhwZthlaukjlkulzlp/logo/miaodacover-mobile.png was preloaded using link preload but not used within a few seconds from the window's load event. Please make sure it has an appropriate `as` value and it is preloaded intentionally. @ https://gtportal-app_4k9rsyph7an84-1866813513488420.aiforce.run/app/app_4k9rsyph7an84/tg001/engine/d38316fb-431c-4481-8d89-2e51d991dc7d:0
[ 4074957ms] [LOG] [useServerLogManager] Connection status changed: connecting @ https://sf3-scmcdn-cn.feishucdn.com/obj/feishu-static/apaas/ai/miaoda/1529.2b22de6b52564220.js:1
[ 4078132ms] [LOG] [useServerLogManager] Connection status changed: connected @ https://sf3-scmcdn-cn.feishucdn.com/obj/feishu-static/apaas/ai/miaoda/1529.2b22de6b52564220.js:1
[ 4079036ms] [WARNING] The resource https://lf3-static.bytednsdoc.com/obj/eden-cn/LMfspH/ljhwZthlaukjlkulzlp/logo/miaodacover-mobile.png was preloaded using link preload but not used within a few seconds from the window's load event. Please make sure it has an appropriate `as` value and it is preloaded intentionally. @ https://gtportal-app_4k9rsyph7an84-1866813513488420.aiforce.run/app/app_4k9rsyph7an84/tg001/engine/d38316fb-431c-4481-8d89-2e51d991dc7d:0
[ 4198145ms] [LOG] [useServerLogManager] Connection status changed: connecting @ https://sf3-scmcdn-cn.feishucdn.com/obj/feishu-static/apaas/ai/miaoda/1529.2b22de6b52564220.js:1
[ 4201288ms] [LOG] [useServerLogManager] Connection status changed: connected @ https://sf3-scmcdn-cn.feishucdn.com/obj/feishu-static/apaas/ai/miaoda/1529.2b22de6b52564220.js:1
[ 4202195ms] [WARNING] The resource https://lf3-static.bytednsdoc.com/obj/eden-cn/LMfspH/ljhwZthlaukjlkulzlp/logo/miaodacover-mobile.png was preloaded using link preload but not used within a few seconds from the window's load event. Please make sure it has an appropriate `as` value and it is preloaded intentionally. @ https://gtportal-app_4k9rsyph7an84-1866813513488420.aiforce.run/app/app_4k9rsyph7an84/tg001/engine/d38316fb-431c-4481-8d89-2e51d991dc7d:0
[ 4321265ms] [LOG] [useServerLogManager] Connection status changed: connecting @ https://sf3-scmcdn-cn.feishucdn.com/obj/feishu-static/apaas/ai/miaoda/1529.2b22de6b52564220.js:1
[ 4324427ms] [LOG] [useServerLogManager] Connection status changed: connected @ https://sf3-scmcdn-cn.feishucdn.com/obj/feishu-static/apaas/ai/miaoda/1529.2b22de6b52564220.js:1
[ 4325345ms] [WARNING] The resource https://lf3-static.bytednsdoc.com/obj/eden-cn/LMfspH/ljhwZthlaukjlkulzlp/logo/miaodacover-mobile.png was preloaded using link preload but not used within a few seconds from the window's load event. Please make sure it has an appropriate `as` value and it is preloaded intentionally. @ https://gtportal-app_4k9rsyph7an84-1866813513488420.aiforce.run/app/app_4k9rsyph7an84/tg001/engine/d38316fb-431c-4481-8d89-2e51d991dc7d:0
[ 4444430ms] [LOG] [useServerLogManager] Connection status changed: connecting @ https://sf3-scmcdn-cn.feishucdn.com/obj/feishu-static/apaas/ai/miaoda/1529.2b22de6b52564220.js:1
[ 4447692ms] [LOG] [useServerLogManager] Connection status changed: connected @ https://sf3-scmcdn-cn.feishucdn.com/obj/feishu-static/apaas/ai/miaoda/1529.2b22de6b52564220.js:1
[ 4448601ms] [WARNING] The resource https://lf3-static.bytednsdoc.com/obj/eden-cn/LMfspH/ljhwZthlaukjlkulzlp/logo/miaodacover-mobile.png was preloaded using link preload but not used within a few seconds from the window's load event. Please make sure it has an appropriate `as` value and it is preloaded intentionally. @ https://gtportal-app_4k9rsyph7an84-1866813513488420.aiforce.run/app/app_4k9rsyph7an84/tg001/engine/d38316fb-431c-4481-8d89-2e51d991dc7d:0
[ 4567690ms] [LOG] [useServerLogManager] Connection status changed: connecting @ https://sf3-scmcdn-cn.feishucdn.com/obj/feishu-static/apaas/ai/miaoda/1529.2b22de6b52564220.js:1
[ 4570974ms] [LOG] [useServerLogManager] Connection status changed: connected @ https://sf3-scmcdn-cn.feishucdn.com/obj/feishu-static/apaas/ai/miaoda/1529.2b22de6b52564220.js:1
[ 4571773ms] [WARNING] The resource https://lf3-static.bytednsdoc.com/obj/eden-cn/LMfspH/ljhwZthlaukjlkulzlp/logo/miaodacover-mobile.png was preloaded using link preload but not used within a few seconds from the window's load event. Please make sure it has an appropriate `as` value and it is preloaded intentionally. @ https://gtportal-app_4k9rsyph7an84-1866813513488420.aiforce.run/app/app_4k9rsyph7an84/tg001/engine/d38316fb-431c-4481-8d89-2e51d991dc7d:0
[ 4690971ms] [LOG] [useServerLogManager] Connection status changed: connecting @ https://sf3-scmcdn-cn.feishucdn.com/obj/feishu-static/apaas/ai/miaoda/1529.2b22de6b52564220.js:1
[ 4694220ms] [LOG] [useServerLogManager] Connection status changed: connected @ https://sf3-scmcdn-cn.feishucdn.com/obj/feishu-static/apaas/ai/miaoda/1529.2b22de6b52564220.js:1
[ 4695035ms] [WARNING] The resource https://lf3-static.bytednsdoc.com/obj/eden-cn/LMfspH/ljhwZthlaukjlkulzlp/logo/miaodacover-mobile.png was preloaded using link preload but not used within a few seconds from the window's load event. Please make sure it has an appropriate `as` value and it is preloaded intentionally. @ https://gtportal-app_4k9rsyph7an84-1866813513488420.aiforce.run/app/app_4k9rsyph7an84/tg001/engine/d38316fb-431c-4481-8d89-2e51d991dc7d:0
[ 4814219ms] [LOG] [useServerLogManager] Connection status changed: connecting @ https://sf3-scmcdn-cn.feishucdn.com/obj/feishu-static/apaas/ai/miaoda/1529.2b22de6b52564220.js:1
[ 4817410ms] [LOG] [useServerLogManager] Connection status changed: connected @ https://sf3-scmcdn-cn.feishucdn.com/obj/feishu-static/apaas/ai/miaoda/1529.2b22de6b52564220.js:1
[ 4818291ms] [WARNING] The resource https://lf3-static.bytednsdoc.com/obj/eden-cn/LMfspH/ljhwZthlaukjlkulzlp/logo/miaodacover-mobile.png was preloaded using link preload but not used within a few seconds from the window's load event. Please make sure it has an appropriate `as` value and it is preloaded intentionally. @ https://gtportal-app_4k9rsyph7an84-1866813513488420.aiforce.run/app/app_4k9rsyph7an84/tg001/engine/d38316fb-431c-4481-8d89-2e51d991dc7d:0
[ 4937416ms] [LOG] [useServerLogManager] Connection status changed: connecting @ https://sf3-scmcdn-cn.feishucdn.com/obj/feishu-static/apaas/ai/miaoda/1529.2b22de6b52564220.js:1
[ 4940611ms] [LOG] [useServerLogManager] Connection status changed: connected @ https://sf3-scmcdn-cn.feishucdn.com/obj/feishu-static/apaas/ai/miaoda/1529.2b22de6b52564220.js:1
[ 4941484ms] [WARNING] The resource https://lf3-static.bytednsdoc.com/obj/eden-cn/LMfspH/ljhwZthlaukjlkulzlp/logo/miaodacover-mobile.png was preloaded using link preload but not used within a few seconds from the window's load event. Please make sure it has an appropriate `as` value and it is preloaded intentionally. @ https://gtportal-app_4k9rsyph7an84-1866813513488420.aiforce.run/app/app_4k9rsyph7an84/tg001/engine/d38316fb-431c-4481-8d89-2e51d991dc7d:0
[ 5060603ms] [LOG] [useServerLogManager] Connection status changed: connecting @ https://sf3-scmcdn-cn.feishucdn.com/obj/feishu-static/apaas/ai/miaoda/1529.2b22de6b52564220.js:1
[ 5063811ms] [LOG] [useServerLogManager] Connection status changed: connected @ https://sf3-scmcdn-cn.feishucdn.com/obj/feishu-static/apaas/ai/miaoda/1529.2b22de6b52564220.js:1
[ 5064730ms] [WARNING] The resource https://lf3-static.bytednsdoc.com/obj/eden-cn/LMfspH/ljhwZthlaukjlkulzlp/logo/miaodacover-mobile.png was preloaded using link preload but not used within a few seconds from the window's load event. Please make sure it has an appropriate `as` value and it is preloaded intentionally. @ https://gtportal-app_4k9rsyph7an84-1866813513488420.aiforce.run/app/app_4k9rsyph7an84/tg001/engine/d38316fb-431c-4481-8d89-2e51d991dc7d:0
[ 5183812ms] [LOG] [useServerLogManager] Connection status changed: connecting @ https://sf3-scmcdn-cn.feishucdn.com/obj/feishu-static/apaas/ai/miaoda/1529.2b22de6b52564220.js:1
[ 5187053ms] [LOG] [useServerLogManager] Connection status changed: connected @ https://sf3-scmcdn-cn.feishucdn.com/obj/feishu-static/apaas/ai/miaoda/1529.2b22de6b52564220.js:1
[ 5187888ms] [WARNING] The resource https://lf3-static.bytednsdoc.com/obj/eden-cn/LMfspH/ljhwZthlaukjlkulzlp/logo/miaodacover-mobile.png was preloaded using link preload but not used within a few seconds from the window's load event. Please make sure it has an appropriate `as` value and it is preloaded intentionally. @ https://gtportal-app_4k9rsyph7an84-1866813513488420.aiforce.run/app/app_4k9rsyph7an84/tg001/engine/d38316fb-431c-4481-8d89-2e51d991dc7d:0
[ 5307059ms] [LOG] [useServerLogManager] Connection status changed: connecting @ https://sf3-scmcdn-cn.feishucdn.com/obj/feishu-static/apaas/ai/miaoda/1529.2b22de6b52564220.js:1
[ 5310321ms] [LOG] [useServerLogManager] Connection status changed: connected @ https://sf3-scmcdn-cn.feishucdn.com/obj/feishu-static/apaas/ai/miaoda/1529.2b22de6b52564220.js:1
[ 5311137ms] [WARNING] The resource https://lf3-static.bytednsdoc.com/obj/eden-cn/LMfspH/ljhwZthlaukjlkulzlp/logo/miaodacover-mobile.png was preloaded using link preload but not used within a few seconds from the window's load event. Please make sure it has an appropriate `as` value and it is preloaded intentionally. @ https://gtportal-app_4k9rsyph7an84-1866813513488420.aiforce.run/app/app_4k9rsyph7an84/tg001/engine/d38316fb-431c-4481-8d89-2e51d991dc7d:0
[ 5430319ms] [LOG] [useServerLogManager] Connection status changed: connecting @ https://sf3-scmcdn-cn.feishucdn.com/obj/feishu-static/apaas/ai/miaoda/1529.2b22de6b52564220.js:1
[ 5433505ms] [LOG] [useServerLogManager] Connection status changed: connected @ https://sf3-scmcdn-cn.feishucdn.com/obj/feishu-static/apaas/ai/miaoda/1529.2b22de6b52564220.js:1
[ 5434390ms] [WARNING] The resource https://lf3-static.bytednsdoc.com/obj/eden-cn/LMfspH/ljhwZthlaukjlkulzlp/logo/miaodacover-mobile.png was preloaded using link preload but not used within a few seconds from the window's load event. Please make sure it has an appropriate `as` value and it is preloaded intentionally. @ https://gtportal-app_4k9rsyph7an84-1866813513488420.aiforce.run/app/app_4k9rsyph7an84/tg001/engine/d38316fb-431c-4481-8d89-2e51d991dc7d:0
[ 5533463ms] [LOG] %c[Extension Host] %c[SharedExtHost] Received NEW_CLIENT: client-a6646352-00f2-4015-912c-985f184d461f (initialDataChunk=0B, skipWebSocketFrames=false) color: blue color:  @ https://sf3-scmcdn-cn.feishucdn.com/obj/feishu-static/apaas/ai/miaoda/1529.2b22de6b52564220.js:1
[ 5533463ms] [LOG] %c[Extension Host] %c[SharedExtHost] Subsequent client client-a6646352-00f2-4015-912c-985f184d461f - starting handshake (clients: 2) color: blue color:  @ https://sf3-scmcdn-cn.feishucdn.com/obj/feishu-static/apaas/ai/miaoda/1529.2b22de6b52564220.js:1
[ 5534095ms] [LOG] %c[Extension Host] %c[MultiClientProtocol] Client added: client-a6646352-00f2-4015-912c-985f184d461f (total: 3) color: blue color:  @ https://sf3-scmcdn-cn.feishucdn.com/obj/feishu-static/apaas/ai/miaoda/1529.2b22de6b52564220.js:1
[ 5534095ms] [LOG] %c[Extension Host] %c[SharedExtHost] Client client-a6646352-00f2-4015-912c-985f184d461f handshake complete, added to protocol (clients: 3) color: blue color:  @ https://sf3-scmcdn-cn.feishucdn.com/obj/feishu-static/apaas/ai/miaoda/1529.2b22de6b52564220.js:1
[ 5553504ms] [LOG] [useServerLogManager] Connection status changed: connecting @ https://sf3-scmcdn-cn.feishucdn.com/obj/feishu-static/apaas/ai/miaoda/1529.2b22de6b52564220.js:1
[ 5556691ms] [LOG] [useServerLogManager] Connection status changed: connected @ https://sf3-scmcdn-cn.feishucdn.com/obj/feishu-static/apaas/ai/miaoda/1529.2b22de6b52564220.js:1
[ 5557645ms] [WARNING] The resource https://lf3-static.bytednsdoc.com/obj/eden-cn/LMfspH/ljhwZthlaukjlkulzlp/logo/miaodacover-mobile.png was preloaded using link preload but not used within a few seconds from the window's load event. Please make sure it has an appropriate `as` value and it is preloaded intentionally. @ https://gtportal-app_4k9rsyph7an84-1866813513488420.aiforce.run/app/app_4k9rsyph7an84/tg001/engine/d38316fb-431c-4481-8d89-2e51d991dc7d:0
[ 5676693ms] [LOG] [useServerLogManager] Connection status changed: connecting @ https://sf3-scmcdn-cn.feishucdn.com/obj/feishu-static/apaas/ai/miaoda/1529.2b22de6b52564220.js:1
[ 5679981ms] [LOG] [useServerLogManager] Connection status changed: connected @ https://sf3-scmcdn-cn.feishucdn.com/obj/feishu-static/apaas/ai/miaoda/1529.2b22de6b52564220.js:1
[ 5680950ms] [WARNING] The resource https://lf3-static.bytednsdoc.com/obj/eden-cn/LMfspH/ljhwZthlaukjlkulzlp/logo/miaodacover-mobile.png was preloaded using link preload but not used within a few seconds from the window's load event. Please make sure it has an appropriate `as` value and it is preloaded intentionally. @ https://gtportal-app_4k9rsyph7an84-1866813513488420.aiforce.run/app/app_4k9rsyph7an84/tg001/engine/d38316fb-431c-4481-8d89-2e51d991dc7d:0
[ 5799906ms] [LOG] [useServerLogManager] Connection status changed: connecting @ https://sf3-scmcdn-cn.feishucdn.com/obj/feishu-static/apaas/ai/miaoda/1529.2b22de6b52564220.js:1
[ 5803210ms] [LOG] [useServerLogManager] Connection status changed: connected @ https://sf3-scmcdn-cn.feishucdn.com/obj/feishu-static/apaas/ai/miaoda/1529.2b22de6b52564220.js:1
[ 5804017ms] [WARNING] The resource https://lf3-static.bytednsdoc.com/obj/eden-cn/LMfspH/ljhwZthlaukjlkulzlp/logo/miaodacover-mobile.png was preloaded using link preload but not used within a few seconds from the window's load event. Please make sure it has an appropriate `as` value and it is preloaded intentionally. @ https://gtportal-app_4k9rsyph7an84-1866813513488420.aiforce.run/app/app_4k9rsyph7an84/tg001/engine/d38316fb-431c-4481-8d89-2e51d991dc7d:0
[ 5923076ms] [LOG] [useServerLogManager] Connection status changed: connecting @ https://sf3-scmcdn-cn.feishucdn.com/obj/feishu-static/apaas/ai/miaoda/1529.2b22de6b52564220.js:1
[ 5926343ms] [LOG] [useServerLogManager] Connection status changed: connected @ https://sf3-scmcdn-cn.feishucdn.com/obj/feishu-static/apaas/ai/miaoda/1529.2b22de6b52564220.js:1
[ 5927562ms] [WARNING] The resource https://lf3-static.bytednsdoc.com/obj/eden-cn/LMfspH/ljhwZthlaukjlkulzlp/logo/miaodacover-mobile.png was preloaded using link preload but not used within a few seconds from the window's load event. Please make sure it has an appropriate `as` value and it is preloaded intentionally. @ https://gtportal-app_4k9rsyph7an84-1866813513488420.aiforce.run/app/app_4k9rsyph7an84/tg001/engine/d38316fb-431c-4481-8d89-2e51d991dc7d:0
[ 6046398ms] [LOG] [useServerLogManager] Connection status changed: connecting @ https://sf3-scmcdn-cn.feishucdn.com/obj/feishu-static/apaas/ai/miaoda/1529.2b22de6b52564220.js:1
[ 6049840ms] [LOG] [useServerLogManager] Connection status changed: connected @ https://sf3-scmcdn-cn.feishucdn.com/obj/feishu-static/apaas/ai/miaoda/1529.2b22de6b52564220.js:1
[ 6050824ms] [WARNING] The resource https://lf3-static.bytednsdoc.com/obj/eden-cn/LMfspH/ljhwZthlaukjlkulzlp/logo/miaodacover-mobile.png was preloaded using link preload but not used within a few seconds from the window's load event. Please make sure it has an appropriate `as` value and it is preloaded intentionally. @ https://gtportal-app_4k9rsyph7an84-1866813513488420.aiforce.run/app/app_4k9rsyph7an84/tg001/engine/d38316fb-431c-4481-8d89-2e51d991dc7d:0
[ 6169806ms] [LOG] [useServerLogManager] Connection status changed: connecting @ https://sf3-scmcdn-cn.feishucdn.com/obj/feishu-static/apaas/ai/miaoda/1529.2b22de6b52564220.js:1
[ 6172974ms] [LOG] [useServerLogManager] Connection status changed: connected @ https://sf3-scmcdn-cn.feishucdn.com/obj/feishu-static/apaas/ai/miaoda/1529.2b22de6b52564220.js:1
[ 6173872ms] [WARNING] The resource https://lf3-static.bytednsdoc.com/obj/eden-cn/LMfspH/ljhwZthlaukjlkulzlp/logo/miaodacover-mobile.png was preloaded using link preload but not used within a few seconds from the window's load event. Please make sure it has an appropriate `as` value and it is preloaded intentionally. @ https://gtportal-app_4k9rsyph7an84-1866813513488420.aiforce.run/app/app_4k9rsyph7an84/tg001/engine/d38316fb-431c-4481-8d89-2e51d991dc7d:0
[ 6292970ms] [LOG] [useServerLogManager] Connection status changed: connecting @ https://sf3-scmcdn-cn.feishucdn.com/obj/feishu-static/apaas/ai/miaoda/1529.2b22de6b52564220.js:1
[ 6296157ms] [LOG] [useServerLogManager] Connection status changed: connected @ https://sf3-scmcdn-cn.feishucdn.com/obj/feishu-static/apaas/ai/miaoda/1529.2b22de6b52564220.js:1
[ 6297102ms] [WARNING] The resource https://lf3-static.bytednsdoc.com/obj/eden-cn/LMfspH/ljhwZthlaukjlkulzlp/logo/miaodacover-mobile.png was preloaded using link preload but not used within a few seconds from the window's load event. Please make sure it has an appropriate `as` value and it is preloaded intentionally. @ https://gtportal-app_4k9rsyph7an84-1866813513488420.aiforce.run/app/app_4k9rsyph7an84/tg001/engine/d38316fb-431c-4481-8d89-2e51d991dc7d:0
[ 6343924ms] [ERROR] Access to XMLHttpRequest at 'https://mon.zijieapi.com/monitor_browser/collect/batch/?biz_id=apaas_miaoda' from origin 'https://miaoda.feishu.cn' has been blocked by CORS policy: No 'Access-Control-Allow-Origin' header is present on the requested resource. @ https://miaoda.feishu.cn/app/app_4k9rsyph7an84?taskid=1871486769493028&from=aily:0
[ 6343925ms] [ERROR] Failed to load resource: net::ERR_FAILED @ https://mon.zijieapi.com/monitor_browser/collect/batch/?biz_id=apaas_miaoda:0
[ 6416153ms] [LOG] [useServerLogManager] Connection status changed: connecting @ https://sf3-scmcdn-cn.feishucdn.com/obj/feishu-static/apaas/ai/miaoda/1529.2b22de6b52564220.js:1
[ 6419361ms] [LOG] [useServerLogManager] Connection status changed: connected @ https://sf3-scmcdn-cn.feishucdn.com/obj/feishu-static/apaas/ai/miaoda/1529.2b22de6b52564220.js:1
[ 6420233ms] [WARNING] The resource https://lf3-static.bytednsdoc.com/obj/eden-cn/LMfspH/ljhwZthlaukjlkulzlp/logo/miaodacover-mobile.png was preloaded using link preload but not used within a few seconds from the window's load event. Please make sure it has an appropriate `as` value and it is preloaded intentionally. @ https://gtportal-app_4k9rsyph7an84-1866813513488420.aiforce.run/app/app_4k9rsyph7an84/tg001/engine/d38316fb-431c-4481-8d89-2e51d991dc7d:0
[ 6539354ms] [LOG] [useServerLogManager] Connection status changed: connecting @ https://sf3-scmcdn-cn.feishucdn.com/obj/feishu-static/apaas/ai/miaoda/1529.2b22de6b52564220.js:1
[ 6542556ms] [LOG] [useServerLogManager] Connection status changed: connected @ https://sf3-scmcdn-cn.feishucdn.com/obj/feishu-static/apaas/ai/miaoda/1529.2b22de6b52564220.js:1
[ 6543423ms] [WARNING] The resource https://lf3-static.bytednsdoc.com/obj/eden-cn/LMfspH/ljhwZthlaukjlkulzlp/logo/miaodacover-mobile.png was preloaded using link preload but not used within a few seconds from the window's load event. Please make sure it has an appropriate `as` value and it is preloaded intentionally. @ https://gtportal-app_4k9rsyph7an84-1866813513488420.aiforce.run/app/app_4k9rsyph7an84/tg001/engine/d38316fb-431c-4481-8d89-2e51d991dc7d:0
[ 6662553ms] [LOG] [useServerLogManager] Connection status changed: connecting @ https://sf3-scmcdn-cn.feishucdn.com/obj/feishu-static/apaas/ai/miaoda/1529.2b22de6b52564220.js:1
[ 6665785ms] [LOG] [useServerLogManager] Connection status changed: connected @ https://sf3-scmcdn-cn.feishucdn.com/obj/feishu-static/apaas/ai/miaoda/1529.2b22de6b52564220.js:1
[ 6666629ms] [WARNING] The resource https://lf3-static.bytednsdoc.com/obj/eden-cn/LMfspH/ljhwZthlaukjlkulzlp/logo/miaodacover-mobile.png was preloaded using link preload but not used within a few seconds from the window's load event. Please make sure it has an appropriate `as` value and it is preloaded intentionally. @ https://gtportal-app_4k9rsyph7an84-1866813513488420.aiforce.run/app/app_4k9rsyph7an84/tg001/engine/d38316fb-431c-4481-8d89-2e51d991dc7d:0
[ 6785782ms] [LOG] [useServerLogManager] Connection status changed: connecting @ https://sf3-scmcdn-cn.feishucdn.com/obj/feishu-static/apaas/ai/miaoda/1529.2b22de6b52564220.js:1
[ 6788961ms] [LOG] [useServerLogManager] Connection status changed: connected @ https://sf3-scmcdn-cn.feishucdn.com/obj/feishu-static/apaas/ai/miaoda/1529.2b22de6b52564220.js:1
[ 6789852ms] [WARNING] The resource https://lf3-static.bytednsdoc.com/obj/eden-cn/LMfspH/ljhwZthlaukjlkulzlp/logo/miaodacover-mobile.png was preloaded using link preload but not used within a few seconds from the window's load event. Please make sure it has an appropriate `as` value and it is preloaded intentionally. @ https://gtportal-app_4k9rsyph7an84-1866813513488420.aiforce.run/app/app_4k9rsyph7an84/tg001/engine/d38316fb-431c-4481-8d89-2e51d991dc7d:0
[ 6908958ms] [LOG] [useServerLogManager] Connection status changed: connecting @ https://sf3-scmcdn-cn.feishucdn.com/obj/feishu-static/apaas/ai/miaoda/1529.2b22de6b52564220.js:1
[ 6912144ms] [LOG] [useServerLogManager] Connection status changed: connected @ https://sf3-scmcdn-cn.feishucdn.com/obj/feishu-static/apaas/ai/miaoda/1529.2b22de6b52564220.js:1
[ 6913095ms] [WARNING] The resource https://lf3-static.bytednsdoc.com/obj/eden-cn/LMfspH/ljhwZthlaukjlkulzlp/logo/miaodacover-mobile.png was preloaded using link preload but not used within a few seconds from the window's load event. Please make sure it has an appropriate `as` value and it is preloaded intentionally. @ https://gtportal-app_4k9rsyph7an84-1866813513488420.aiforce.run/app/app_4k9rsyph7an84/tg001/engine/d38316fb-431c-4481-8d89-2e51d991dc7d:0
[ 7032139ms] [LOG] [useServerLogManager] Connection status changed: connecting @ https://sf3-scmcdn-cn.feishucdn.com/obj/feishu-static/apaas/ai/miaoda/1529.2b22de6b52564220.js:1
[ 7036221ms] [WARNING] The resource https://lf3-static.bytednsdoc.com/obj/eden-cn/LMfspH/ljhwZthlaukjlkulzlp/logo/miaodacover-mobile.png was preloaded using link preload but not used within a few seconds from the window's load event. Please make sure it has an appropriate `as` value and it is preloaded intentionally. @ https://gtportal-app_4k9rsyph7an84-1866813513488420.aiforce.run/app/app_4k9rsyph7an84/tg001/engine/d38316fb-431c-4481-8d89-2e51d991dc7d:0
[ 7037255ms] [LOG] [useServerLogManager] Connection status changed: connected @ https://sf3-scmcdn-cn.feishucdn.com/obj/feishu-static/apaas/ai/miaoda/1529.2b22de6b52564220.js:1
[ 7157250ms] [LOG] [useServerLogManager] Connection status changed: connecting @ https://sf3-scmcdn-cn.feishucdn.com/obj/feishu-static/apaas/ai/miaoda/1529.2b22de6b52564220.js:1
[ 7160421ms] [LOG] [useServerLogManager] Connection status changed: connected @ https://sf3-scmcdn-cn.feishucdn.com/obj/feishu-static/apaas/ai/miaoda/1529.2b22de6b52564220.js:1
[ 7161332ms] [WARNING] The resource https://lf3-static.bytednsdoc.com/obj/eden-cn/LMfspH/ljhwZthlaukjlkulzlp/logo/miaodacover-mobile.png was preloaded using link preload but not used within a few seconds from the window's load event. Please make sure it has an appropriate `as` value and it is preloaded intentionally. @ https://gtportal-app_4k9rsyph7an84-1866813513488420.aiforce.run/app/app_4k9rsyph7an84/tg001/engine/d38316fb-431c-4481-8d89-2e51d991dc7d:0
[ 7280419ms] [LOG] [useServerLogManager] Connection status changed: connecting @ https://sf3-scmcdn-cn.feishucdn.com/obj/feishu-static/apaas/ai/miaoda/1529.2b22de6b52564220.js:1
[ 7283662ms] [LOG] [useServerLogManager] Connection status changed: connected @ https://sf3-scmcdn-cn.feishucdn.com/obj/feishu-static/apaas/ai/miaoda/1529.2b22de6b52564220.js:1
[ 7284490ms] [WARNING] The resource https://lf3-static.bytednsdoc.com/obj/eden-cn/LMfspH/ljhwZthlaukjlkulzlp/logo/miaodacover-mobile.png was preloaded using link preload but not used within a few seconds from the window's load event. Please make sure it has an appropriate `as` value and it is preloaded intentionally. @ https://gtportal-app_4k9rsyph7an84-1866813513488420.aiforce.run/app/app_4k9rsyph7an84/tg001/engine/d38316fb-431c-4481-8d89-2e51d991dc7d:0
[ 7403662ms] [LOG] [useServerLogManager] Connection status changed: connecting @ https://sf3-scmcdn-cn.feishucdn.com/obj/feishu-static/apaas/ai/miaoda/1529.2b22de6b52564220.js:1
[ 7406911ms] [LOG] [useServerLogManager] Connection status changed: connected @ https://sf3-scmcdn-cn.feishucdn.com/obj/feishu-static/apaas/ai/miaoda/1529.2b22de6b52564220.js:1
[ 7407737ms] [WARNING] The resource https://lf3-static.bytednsdoc.com/obj/eden-cn/LMfspH/ljhwZthlaukjlkulzlp/logo/miaodacover-mobile.png was preloaded using link preload but not used within a few seconds from the window's load event. Please make sure it has an appropriate `as` value and it is preloaded intentionally. @ https://gtportal-app_4k9rsyph7an84-1866813513488420.aiforce.run/app/app_4k9rsyph7an84/tg001/engine/d38316fb-431c-4481-8d89-2e51d991dc7d:0
[ 7526908ms] [LOG] [useServerLogManager] Connection status changed: connecting @ https://sf3-scmcdn-cn.feishucdn.com/obj/feishu-static/apaas/ai/miaoda/1529.2b22de6b52564220.js:1
[ 7530089ms] [LOG] [useServerLogManager] Connection status changed: connected @ https://sf3-scmcdn-cn.feishucdn.com/obj/feishu-static/apaas/ai/miaoda/1529.2b22de6b52564220.js:1
[ 7531037ms] [WARNING] The resource https://lf3-static.bytednsdoc.com/obj/eden-cn/LMfspH/ljhwZthlaukjlkulzlp/logo/miaodacover-mobile.png was preloaded using link preload but not used within a few seconds from the window's load event. Please make sure it has an appropriate `as` value and it is preloaded intentionally. @ https://gtportal-app_4k9rsyph7an84-1866813513488420.aiforce.run/app/app_4k9rsyph7an84/tg001/engine/d38316fb-431c-4481-8d89-2e51d991dc7d:0
[ 7548250ms] [LOG] [WebSocketService] sessionDisconnected - code: 1000 reason: bye extra: {wsType: close, wsWasClean: 0, wsWillReconnect: 0} @ https://sf3-scmcdn-cn.feishucdn.com/obj/feishu-static/apaas/ai/miaoda/1529.2b22de6b52564220.js:1
[ 7548259ms] [LOG] %c INFO color: #33f [lifecycle] onBeforeUnload triggered and handled with veto support @ https://sf3-scmcdn-cn.feishucdn.com/obj/feishu-static/apaas/ai/miaoda/1529.2b22de6b52564220.js:1
[ 7548263ms] [LOG] [Runtime] Server log SSE client stopped @ https://gtportal-app_4k9rsyph7an84-1866813513488420.aiforce.run/app/app_4k9rsyph7an84/node_modules/.vite/deps/chunk-N3TY5PEM.js?v=6f175617:37525
[ 7548581ms] [LOG] [useServerLogManager] Connection status changed: disconnected @ https://sf3-scmcdn-cn.feishucdn.com/obj/feishu-static/apaas/ai/miaoda/1529.2b22de6b52564220.js:1
[ 7548594ms] [LOG] %c🚒 Feedback%c[Canceled][Canceled][F20260723190732580CRKJDTXUVWJETH] padding: 3px 6px; border-radius: 3px 0 0 3px; color: #fff; background: #606060; font-weight: bold; padding: 3px 6px; border-radius: 0 3px 3px 0; color: #fff; background: #d63947; font-weight: bold; @ https://sf3-scmcdn-cn.feishucdn.com/obj/feishu-static/apaas/ai/miaoda/1529.2b22de6b52564220.js:1
[ 7548595ms] [ERROR] [logger] Canceled: Canceled | [Canceled][Canceled][F20260723190732580CRKJDTXUVWJETH] @ https://sf3-scmcdn-cn.feishucdn.com/obj/feishu-static/apaas/ai/miaoda/4933.bc0cc3e35b32004d.js:5
[ 7548597ms] [LOG] %c🚒 Feedback%c[Canceled][Canceled][F20260723190732580CRKJDTXUVWJETH] padding: 3px 6px; border-radius: 3px 0 0 3px; color: #fff; background: #606060; font-weight: bold; padding: 3px 6px; border-radius: 0 3px 3px 0; color: #fff; background: #d63947; font-weight: bold; @ https://sf3-scmcdn-cn.feishucdn.com/obj/feishu-static/apaas/ai/miaoda/1529.2b22de6b52564220.js:1
[ 7548597ms] [ERROR] [logger] Canceled: Canceled | [Canceled][Canceled][F20260723190732580CRKJDTXUVWJETH] @ https://sf3-scmcdn-cn.feishucdn.com/obj/feishu-static/apaas/ai/miaoda/4933.bc0cc3e35b32004d.js:5
[ 7548597ms] [LOG] %c🚒 Feedback%c[Canceled][Canceled][F202607231907325843D6OI1BEEF1Q4Q] padding: 3px 6px; border-radius: 3px 0 0 3px; color: #fff; background: #606060; font-weight: bold; padding: 3px 6px; border-radius: 0 3px 3px 0; color: #fff; background: #d63947; font-weight: bold; @ https://sf3-scmcdn-cn.feishucdn.com/obj/feishu-static/apaas/ai/miaoda/1529.2b22de6b52564220.js:1
[ 7548597ms] [ERROR] [logger] Canceled: Canceled | [Canceled][Canceled][F202607231907325843D6OI1BEEF1Q4Q] @ https://sf3-scmcdn-cn.feishucdn.com/obj/feishu-static/apaas/ai/miaoda/4933.bc0cc3e35b32004d.js:5
[ 7548598ms] [LOG] %c🚒 Feedback%c[Canceled][Canceled][F202607231907325843D6OI1BEEF1Q4Q] padding: 3px 6px; border-radius: 3px 0 0 3px; color: #fff; background: #606060; font-weight: bold; padding: 3px 6px; border-radius: 0 3px 3px 0; color: #fff; background: #d63947; font-weight: bold; @ https://sf3-scmcdn-cn.feishucdn.com/obj/feishu-static/apaas/ai/miaoda/1529.2b22de6b52564220.js:1
[ 7548598ms] [ERROR] [logger] Canceled: Canceled | [Canceled][Canceled][F202607231907325843D6OI1BEEF1Q4Q] @ https://sf3-scmcdn-cn.feishucdn.com/obj/feishu-static/apaas/ai/miaoda/4933.bc0cc3e35b32004d.js:5
[ 7548598ms] [LOG] %c🚒 Feedback%c[Canceled][Canceled][F20260723190732584SIXGTURQH4UV34] padding: 3px 6px; border-radius: 3px 0 0 3px; color: #fff; background: #606060; font-weight: bold; padding: 3px 6px; border-radius: 0 3px 3px 0; color: #fff; background: #d63947; font-weight: bold; @ https://sf3-scmcdn-cn.feishucdn.com/obj/feishu-static/apaas/ai/miaoda/1529.2b22de6b52564220.js:1
[ 7548598ms] [ERROR] [logger] Canceled: Canceled | [Canceled][Canceled][F20260723190732584SIXGTURQH4UV34] @ https://sf3-scmcdn-cn.feishucdn.com/obj/feishu-static/apaas/ai/miaoda/4933.bc0cc3e35b32004d.js:5
[ 7548598ms] [LOG] %c🚒 Feedback%c[Canceled][Canceled][F20260723190732585O25Z9RYCP5Y2MV] padding: 3px 6px; border-radius: 3px 0 0 3px; color: #fff; background: #606060; font-weight: bold; padding: 3px 6px; border-radius: 0 3px 3px 0; color: #fff; background: #d63947; font-weight: bold; @ https://sf3-scmcdn-cn.feishucdn.com/obj/feishu-static/apaas/ai/miaoda/1529.2b22de6b52564220.js:1
[ 7548598ms] [ERROR] [logger] Canceled: Canceled | [Canceled][Canceled][F20260723190732585O25Z9RYCP5Y2MV] @ https://sf3-scmcdn-cn.feishucdn.com/obj/feishu-static/apaas/ai/miaoda/4933.bc0cc3e35b32004d.js:5
[ 7548598ms] [LOG] %c🚒 Feedback%c[Canceled][Canceled][F202607231907325858CVS4E67VLR7K8] padding: 3px 6px; border-radius: 3px 0 0 3px; color: #fff; background: #606060; font-weight: bold; padding: 3px 6px; border-radius: 0 3px 3px 0; color: #fff; background: #d63947; font-weight: bold; @ https://sf3-scmcdn-cn.feishucdn.com/obj/feishu-static/apaas/ai/miaoda/1529.2b22de6b52564220.js:1
[ 7548598ms] [ERROR] [logger] Canceled: Canceled | [Canceled][Canceled][F202607231907325858CVS4E67VLR7K8] @ https://sf3-scmcdn-cn.feishucdn.com/obj/feishu-static/apaas/ai/miaoda/4933.bc0cc3e35b32004d.js:5
[ 7548599ms] [LOG] %c🚒 Feedback%c[Canceled][Canceled][F20260723190732585O02BT2MO4FTTSC] padding: 3px 6px; border-radius: 3px 0 0 3px; color: #fff; background: #606060; font-weight: bold; padding: 3px 6px; border-radius: 0 3px 3px 0; color: #fff; background: #d63947; font-weight: bold; @ https://sf3-scmcdn-cn.feishucdn.com/obj/feishu-static/apaas/ai/miaoda/1529.2b22de6b52564220.js:1
[ 7548599ms] [ERROR] [logger] Canceled: Canceled | [Canceled][Canceled][F20260723190732585O02BT2MO4FTTSC] @ https://sf3-scmcdn-cn.feishucdn.com/obj/feishu-static/apaas/ai/miaoda/4933.bc0cc3e35b32004d.js:5
[ 7548599ms] [LOG] %c🚒 Feedback%c[Canceled][Canceled][F20260723190732585HKW5DQC378ZGX9] padding: 3px 6px; border-radius: 3px 0 0 3px; color: #fff; background: #606060; font-weight: bold; padding: 3px 6px; border-radius: 0 3px 3px 0; color: #fff; background: #d63947; font-weight: bold; @ https://sf3-scmcdn-cn.feishucdn.com/obj/feishu-static/apaas/ai/miaoda/1529.2b22de6b52564220.js:1
[ 7548599ms] [ERROR] [logger] Canceled: Canceled | [Canceled][Canceled][F20260723190732585HKW5DQC378ZGX9] @ https://sf3-scmcdn-cn.feishucdn.com/obj/feishu-static/apaas/ai/miaoda/4933.bc0cc3e35b32004d.js:5
[ 7548599ms] [LOG] %c🚒 Feedback%c[Canceled][Canceled][F20260723190732586YGJ2KL71DOMQHI] padding: 3px 6px; border-radius: 3px 0 0 3px; color: #fff; background: #606060; font-weight: bold; padding: 3px 6px; border-radius: 0 3px 3px 0; color: #fff; background: #d63947; font-weight: bold; @ https://sf3-scmcdn-cn.feishucdn.com/obj/feishu-static/apaas/ai/miaoda/1529.2b22de6b52564220.js:1
[ 7548599ms] [ERROR] [logger] Canceled: Canceled | [Canceled][Canceled][F20260723190732586YGJ2KL71DOMQHI] @ https://sf3-scmcdn-cn.feishucdn.com/obj/feishu-static/apaas/ai/miaoda/4933.bc0cc3e35b32004d.js:5
[ 7548599ms] [LOG] %c🚒 Feedback%c[Canceled][Canceled][F202607231907325864CPMQWJQG7RTKV] padding: 3px 6px; border-radius: 3px 0 0 3px; color: #fff; background: #606060; font-weight: bold; padding: 3px 6px; border-radius: 0 3px 3px 0; color: #fff; background: #d63947; font-weight: bold; @ https://sf3-scmcdn-cn.feishucdn.com/obj/feishu-static/apaas/ai/miaoda/1529.2b22de6b52564220.js:1
[ 7548599ms] [ERROR] [logger] Canceled: Canceled | [Canceled][Canceled][F202607231907325864CPMQWJQG7RTKV] @ https://sf3-scmcdn-cn.feishucdn.com/obj/feishu-static/apaas/ai/miaoda/4933.bc0cc3e35b32004d.js:5
[ 7548599ms] [LOG] %c🚒 Feedback%c[Canceled][Canceled][F202607231907325863RJXYY1X2BSXC6] padding: 3px 6px; border-radius: 3px 0 0 3px; color: #fff; background: #606060; font-weight: bold; padding: 3px 6px; border-radius: 0 3px 3px 0; color: #fff; background: #d63947; font-weight: bold; @ https://sf3-scmcdn-cn.feishucdn.com/obj/feishu-static/apaas/ai/miaoda/1529.2b22de6b52564220.js:1
[ 7548600ms] [ERROR] [logger] Canceled: Canceled | [Canceled][Canceled][F202607231907325863RJXYY1X2BSXC6] @ https://sf3-scmcdn-cn.feishucdn.com/obj/feishu-static/apaas/ai/miaoda/4933.bc0cc3e35b32004d.js:5
[ 7548600ms] [LOG] %c🚒 Feedback%c[Canceled][Canceled][F202607231907325861VAYEF36W0ZZPK] padding: 3px 6px; border-radius: 3px 0 0 3px; color: #fff; background: #606060; font-weight: bold; padding: 3px 6px; border-radius: 0 3px 3px 0; color: #fff; background: #d63947; font-weight: bold; @ https://sf3-scmcdn-cn.feishucdn.com/obj/feishu-static/apaas/ai/miaoda/1529.2b22de6b52564220.js:1
[ 7548600ms] [ERROR] [logger] Canceled: Canceled | [Canceled][Canceled][F202607231907325861VAYEF36W0ZZPK] @ https://sf3-scmcdn-cn.feishucdn.com/obj/feishu-static/apaas/ai/miaoda/4933.bc0cc3e35b32004d.js:5
[ 7548600ms] [LOG] %c🚒 Feedback%c[Canceled][Canceled][F20260723190732586CFM0LPT0VGJUZ7] padding: 3px 6px; border-radius: 3px 0 0 3px; color: #fff; background: #606060; font-weight: bold; padding: 3px 6px; border-radius: 0 3px 3px 0; color: #fff; background: #d63947; font-weight: bold; @ https://sf3-scmcdn-cn.feishucdn.com/obj/feishu-static/apaas/ai/miaoda/1529.2b22de6b52564220.js:1
[ 7548600ms] [ERROR] [logger] Canceled: Canceled | [Canceled][Canceled][F20260723190732586CFM0LPT0VGJUZ7] @ https://sf3-scmcdn-cn.feishucdn.com/obj/feishu-static/apaas/ai/miaoda/4933.bc0cc3e35b32004d.js:5
[ 7548600ms] [LOG] %c🚒 Feedback%c[Canceled][Canceled][F202607231907325870QGAEXEV9QIDGK] padding: 3px 6px; border-radius: 3px 0 0 3px; color: #fff; background: #606060; font-weight: bold; padding: 3px 6px; border-radius: 0 3px 3px 0; color: #fff; background: #d63947; font-weight: bold; @ https://sf3-scmcdn-cn.feishucdn.com/obj/feishu-static/apaas/ai/miaoda/1529.2b22de6b52564220.js:1
[ 7548600ms] [ERROR] [logger] Canceled: Canceled | [Canceled][Canceled][F202607231907325870QGAEXEV9QIDGK] @ https://sf3-scmcdn-cn.feishucdn.com/obj/feishu-static/apaas/ai/miaoda/4933.bc0cc3e35b32004d.js:5
[ 7548600ms] [LOG] %c🚒 Feedback%c[Canceled][Canceled][F20260723190732587DZSG79SN6XHWGV] padding: 3px 6px; border-radius: 3px 0 0 3px; color: #fff; background: #606060; font-weight: bold; padding: 3px 6px; border-radius: 0 3px 3px 0; color: #fff; background: #d63947; font-weight: bold; @ https://sf3-scmcdn-cn.feishucdn.com/obj/feishu-static/apaas/ai/miaoda/1529.2b22de6b52564220.js:1
[ 7548600ms] [ERROR] [logger] Canceled: Canceled | [Canceled][Canceled][F20260723190732587DZSG79SN6XHWGV] @ https://sf3-scmcdn-cn.feishucdn.com/obj/feishu-static/apaas/ai/miaoda/4933.bc0cc3e35b32004d.js:5
[ 7548601ms] [LOG] %c🚒 Feedback%c[Canceled][Canceled][F20260723190732580CRKJDTXUVWJETH] padding: 3px 6px; border-radius: 3px 0 0 3px; color: #fff; background: #606060; font-weight: bold; padding: 3px 6px; border-radius: 0 3px 3px 0; color: #fff; background: #d63947; font-weight: bold; @ https://sf3-scmcdn-cn.feishucdn.com/obj/feishu-static/apaas/ai/miaoda/1529.2b22de6b52564220.js:1
[ 7548601ms] [ERROR] [logger] Canceled: Canceled | [Canceled][Canceled][F20260723190732580CRKJDTXUVWJETH] @ https://sf3-scmcdn-cn.feishucdn.com/obj/feishu-static/apaas/ai/miaoda/4933.bc0cc3e35b32004d.js:5
